Archive member included to satisfy reference by file (symbol)

c:/program files (x86)/embitz/1.11/share/em_armgcc/bin/../lib/gcc/arm-none-eabi/5.4.1/../../../../arm-none-eabi/lib/armv6-m\libm.a(lib_a-wf_sqrt.o)
                              .objs\drivers\cmsis\dsp_lib\source\complexmathfunctions\arm_cmplx_mag_f32.o (sqrtf)
c:/program files (x86)/embitz/1.11/share/em_armgcc/bin/../lib/gcc/arm-none-eabi/5.4.1/../../../../arm-none-eabi/lib/armv6-m\libm.a(lib_a-ef_sqrt.o)
                              c:/program files (x86)/embitz/1.11/share/em_armgcc/bin/../lib/gcc/arm-none-eabi/5.4.1/../../../../arm-none-eabi/lib/armv6-m\libm.a(lib_a-wf_sqrt.o) (__ieee754_sqrtf)
c:/program files (x86)/embitz/1.11/share/em_armgcc/bin/../lib/gcc/arm-none-eabi/5.4.1/../../../../arm-none-eabi/lib/armv6-m\libm.a(lib_a-s_lib_ver.o)
                              c:/program files (x86)/embitz/1.11/share/em_armgcc/bin/../lib/gcc/arm-none-eabi/5.4.1/../../../../arm-none-eabi/lib/armv6-m\libm.a(lib_a-wf_sqrt.o) (__fdlib_version)
c:/program files (x86)/embitz/1.11/share/em_armgcc/bin/../lib/gcc/arm-none-eabi/5.4.1/../../../../arm-none-eabi/lib/armv6-m\libm.a(lib_a-s_matherr.o)
                              c:/program files (x86)/embitz/1.11/share/em_armgcc/bin/../lib/gcc/arm-none-eabi/5.4.1/../../../../arm-none-eabi/lib/armv6-m\libm.a(lib_a-wf_sqrt.o) (matherr)
c:/program files (x86)/embitz/1.11/share/em_armgcc/bin/../lib/gcc/arm-none-eabi/5.4.1/armv6-m\libgcc.a(_udivsi3.o)
                              .objs\drivers\cmsis\dsp_lib\source\filteringfunctions\arm_fir_decimate_f32.o (__aeabi_uidiv)
c:/program files (x86)/embitz/1.11/share/em_armgcc/bin/../lib/gcc/arm-none-eabi/5.4.1/armv6-m\libgcc.a(_divsi3.o)
                              .objs\drivers\cmsis\dsp_lib\source\filteringfunctions\arm_fir_interpolate_init_f32.o (__aeabi_idiv)
c:/program files (x86)/embitz/1.11/share/em_armgcc/bin/../lib/gcc/arm-none-eabi/5.4.1/armv6-m\libgcc.a(_dvmd_tls.o)
                              c:/program files (x86)/embitz/1.11/share/em_armgcc/bin/../lib/gcc/arm-none-eabi/5.4.1/armv6-m\libgcc.a(_udivsi3.o) (__aeabi_idiv0)
c:/program files (x86)/embitz/1.11/share/em_armgcc/bin/../lib/gcc/arm-none-eabi/5.4.1/armv6-m\libgcc.a(_arm_cmpdf2.o)
                              .objs\drivers\cmsis\dsp_lib\source\matrixfunctions\arm_mat_inverse_f64.o (__aeabi_dcmpeq)
c:/program files (x86)/embitz/1.11/share/em_armgcc/bin/../lib/gcc/arm-none-eabi/5.4.1/armv6-m\libgcc.a(_arm_cmpsf2.o)
                              .objs\drivers\cmsis\dsp_lib\source\matrixfunctions\arm_mat_inverse_f32.o (__aeabi_fcmpeq)
c:/program files (x86)/embitz/1.11/share/em_armgcc/bin/../lib/gcc/arm-none-eabi/5.4.1/armv6-m\libgcc.a(_clzsi2.o)
                              .objs\drivers\cmsis\dsp_lib\source\fastmathfunctions\arm_sqrt_q15.o (__clzsi2)
c:/program files (x86)/embitz/1.11/share/em_armgcc/bin/../lib/gcc/arm-none-eabi/5.4.1/armv6-m\libgcc.a(_aeabi_ldivmod.o)
                              .objs\drivers\cmsis\dsp_lib\source\statisticsfunctions\arm_mean_q31.o (__aeabi_ldivmod)
c:/program files (x86)/embitz/1.11/share/em_armgcc/bin/../lib/gcc/arm-none-eabi/5.4.1/armv6-m\libgcc.a(_muldi3.o)
                              .objs\drivers\cmsis\dsp_lib\source\basicmathfunctions\arm_dot_prod_q31.o (__aeabi_lmul)
c:/program files (x86)/embitz/1.11/share/em_armgcc/bin/../lib/gcc/arm-none-eabi/5.4.1/armv6-m\libgcc.a(_fixunssfsi.o)
                              .objs\drivers\cmsis\dsp_lib\source\controllerfunctions\arm_sin_cos_f32.o (__aeabi_f2uiz)
c:/program files (x86)/embitz/1.11/share/em_armgcc/bin/../lib/gcc/arm-none-eabi/5.4.1/armv6-m\libgcc.a(_fixsfdi.o)
                              .objs\drivers\cmsis\dsp_lib\source\supportfunctions\arm_float_to_q31.o (__aeabi_f2lz)
c:/program files (x86)/embitz/1.11/share/em_armgcc/bin/../lib/gcc/arm-none-eabi/5.4.1/armv6-m\libgcc.a(_fixunssfdi.o)
                              c:/program files (x86)/embitz/1.11/share/em_armgcc/bin/../lib/gcc/arm-none-eabi/5.4.1/armv6-m\libgcc.a(_fixsfdi.o) (__aeabi_f2ulz)
c:/program files (x86)/embitz/1.11/share/em_armgcc/bin/../lib/gcc/arm-none-eabi/5.4.1/armv6-m\libgcc.a(bpabi.o)
                              c:/program files (x86)/embitz/1.11/share/em_armgcc/bin/../lib/gcc/arm-none-eabi/5.4.1/armv6-m\libgcc.a(_aeabi_ldivmod.o) (__gnu_ldivmod_helper)
c:/program files (x86)/embitz/1.11/share/em_armgcc/bin/../lib/gcc/arm-none-eabi/5.4.1/armv6-m\libgcc.a(addsf3.o)
                              .objs\drivers\cmsis\dsp_lib\source\basicmathfunctions\arm_add_f32.o (__aeabi_fadd)
c:/program files (x86)/embitz/1.11/share/em_armgcc/bin/../lib/gcc/arm-none-eabi/5.4.1/armv6-m\libgcc.a(divsf3.o)
                              .objs\drivers\cmsis\dsp_lib\source\filteringfunctions\arm_lms_norm_f32.o (__aeabi_fdiv)
c:/program files (x86)/embitz/1.11/share/em_armgcc/bin/../lib/gcc/arm-none-eabi/5.4.1/armv6-m\libgcc.a(eqsf2.o)
[...]
Memory Configuration

Name             Origin             Length             Attributes
ROM              0x08000000         0x00010000         xr
RAM              0x20000000         0x00002000         xrw
*default*        0x00000000         0xffffffff

Linker script and memory map

LOAD c:/program files (x86)/embitz/1.11/share/em_armgcc/bin/../lib/gcc/arm-none-eabi/5.4.1/armv6-m/crti.o
LOAD c:/program files (x86)/embitz/1.11/share/em_armgcc/bin/../lib/gcc/arm-none-eabi/5.4.1/armv6-m/crtbegin.o
LOAD c:/program files (x86)/embitz/1.11/share/em_armgcc/bin/../lib/gcc/arm-none-eabi/5.4.1/../../../../arm-none-eabi/lib/armv6-m/crt0.o
                0x00001000                __HEAP_SIZE = 0x1000
                0x00000400                __STACK_SIZE = 0x400

.text           0x08000000   0x103f60
 *(.isr_vector)
 .isr_vector    0x08000000       0xc4 .objs\startup\startup_stm32f0xx.o
                0x08000000                __isr_vector
 *(.text*)
 .text          0x080000c4        0x0 c:/program files (x86)/embitz/1.11/share/em_armgcc/bin/../lib/gcc/arm-none-eabi/5.4.1/armv6-m/crti.o
 .text          0x080000c4       0x60 c:/program files (x86)/embitz/1.11/share/em_armgcc/bin/../lib/gcc/arm-none-eabi/5.4.1/armv6-m/crtbegin.o
 .text          0x08000124       0x78 c:/program files (x86)/embitz/1.11/share/em_armgcc/bin/../lib/gcc/arm-none-eabi/5.4.1/../../../../arm-none-eabi/lib/armv6-m/crt0.o
                0x08000124                _start
                0x08000124                _mainCRTStartup
 .text          0x0800019c      0x2a8 .objs\drivers\bsp\components\ili9841\ili9841.o
                0x0800019c                ili9841_Init
                0x080002d0                ili9841_ReadID
                0x080002dc                ili9841_DisplayOn
                0x080002e8                ili9841_DisplayOff
                0x080002f4                ili9841_SetCursor
                0x08000310                ili9841_WritePixel
                0x08000338                ili9841_WriteReg
                0x08000368                ili9841_ReadReg
                0x08000380                ili9841_SetDisplayWindow
                0x080003b0                ili9841_DrawHLine
                0x080003e0                ili9841_DrawVLine
                0x08000410                ili9841_GetLcdPixelWidth
                0x0800041c                ili9841_GetLcdPixelHeight
                0x08000428                ili9841_DrawBitmap
 .text          0x08000444        0x0 .objs\drivers\bsp\components\w25qx\w25qx.o
 .text          0x08000444        0x0 .objs\drivers\bsp\components\xpt2046\xpt2046.o
 .text          0x08000444      0x26c .objs\drivers\bsp\nextion\nextion.o
                0x08000444                Nextion_Init
                0x08000450                LCD_IO_Init
                0x080004a0                LCD_IO_WriteReg
                0x080004e0                LCD_IO_WriteMultipleData
                0x08000520                LCD_IO_Write_COM
                0x08000550                LCD_IO_Write_DATA
                0x0800058c                LCD_IO_Write_DATA_1
                0x08000614                LCD_Delay
                0x0800062c                LCD_IO_BusAsInput
                0x08000668                LCD_IO_BusAsOutput
 .text          0x080006b0       0x3c .objs\drivers\cmsis\dsp_lib\source\basicmathfunctions\arm_abs_f32.o
                0x080006b0                arm_abs_f32
 .text          0x080006ec       0x78 .objs\drivers\cmsis\dsp_lib\source\basicmathfunctions\arm_abs_q15.o
                0x080006ec                arm_abs_q15
 .text          0x08000764       0x58 .objs\drivers\cmsis\dsp_lib\source\basicmathfunctions\arm_abs_q31.o
                0x08000764                arm_abs_q31
 .text          0x080007bc       0x70 .objs\drivers\cmsis\dsp_lib\source\basicmathfunctions\arm_abs_q7.o
                0x080007bc                arm_abs_q7
 .text          0x0800082c       0x48 .objs\drivers\cmsis\dsp_lib\source\basicmathfunctions\arm_add_f32.o
                0x0800082c                arm_add_f32
 .text          0x08000874       0xb4 .objs\drivers\cmsis\dsp_lib\source\basicmathfunctions\arm_add_q15.o
                0x080008d4                arm_add_q15
 .text          0x08000928       0x9c .objs\drivers\cmsis\dsp_lib\source\basicmathfunctions\arm_add_q31.o
                0x08000964                arm_add_q31
 .text          0x080009c4       0xb4 .objs\drivers\cmsis\dsp_lib\source\basicmathfunctions\arm_add_q7.o
                0x08000a24                arm_add_q7
 .text          0x08000a78       0x58 .objs\drivers\cmsis\dsp_lib\source\basicmathfunctions\arm_dot_prod_f32.o
                0x08000a78                arm_dot_prod_f32
 .text          0x08000ad0       0x64 .objs\drivers\cmsis\dsp_lib\source\basicmathfunctions\arm_dot_prod_q15.o
                0x08000ad0                arm_dot_prod_q15
 .text          0x08000b34       0x7c .objs\drivers\cmsis\dsp_lib\source\basicmathfunctions\arm_dot_prod_q31.o
                0x08000b34                arm_dot_prod_q31
 .text          0x08000bb0       0x50 .objs\drivers\cmsis\dsp_lib\source\basicmathfunctions\arm_dot_prod_q7.o
                0x08000bb0                arm_dot_prod_q7
 .text          0x08000c00       0x48 .objs\drivers\cmsis\dsp_lib\source\basicmathfunctions\arm_mult_f32.o
                0x08000c00                arm_mult_f32
 .text          0x08000c48       0xb8 .objs\drivers\cmsis\dsp_lib\source\basicmathfunctions\arm_mult_q15.o
                0x08000ca8                arm_mult_q15
 .text          0x08000d00       0xac .objs\drivers\cmsis\dsp_lib\source\basicmathfunctions\arm_mult_q31.o
                0x08000d3c                arm_mult_q31
 .text          0x08000dac       0xb8 .objs\drivers\cmsis\dsp_lib\source\basicmathfunctions\arm_mult_q7.o
                0x08000e0c                arm_mult_q7
 .text          0x08000e64       0x3c .objs\drivers\cmsis\dsp_lib\source\basicmathfunctions\arm_negate_f32.o
                0x08000e64                arm_negate_f32
 .text          0x08000ea0       0x64 .objs\drivers\cmsis\dsp_lib\source\basicmathfunctions\arm_negate_q15.o
                0x08000ea0                arm_negate_q15
 .text          0x08000f04       0x50 .objs\drivers\cmsis\dsp_lib\source\basicmathfunctions\arm_negate_q31.o
                0x08000f04                arm_negate_q31
 .text          0x08000f54       0x58 .objs\drivers\cmsis\dsp_lib\source\basicmathfunctions\arm_negate_q7.o
                0x08000f54                arm_negate_q7
 .text          0x08000fac       0x44 .objs\drivers\cmsis\dsp_lib\source\basicmathfunctions\arm_offset_f32.o
                0x08000fac                arm_offset_f32
 .text          0x08000ff0       0xb8 .objs\drivers\cmsis\dsp_lib\source\basicmathfunctions\arm_offset_q15.o
                0x08001050                arm_offset_q15
 .text          0x080010a8       0x94 .objs\drivers\cmsis\dsp_lib\source\basicmathfunctions\arm_offset_q31.o
                0x080010e4                arm_offset_q31
 .text          0x0800113c       0xb8 .objs\drivers\cmsis\dsp_lib\source\basicmathfunctions\arm_offset_q7.o
                0x0800119c                arm_offset_q7
 .text          0x080011f4       0x44 .objs\drivers\cmsis\dsp_lib\source\basicmathfunctions\arm_scale_f32.o
                0x080011f4                arm_scale_f32
 .text          0x08001238       0xe0 .objs\drivers\cmsis\dsp_lib\source\basicmathfunctions\arm_scale_q15.o
                0x08001298                arm_scale_q15
 .text          0x08001318      0x154 .objs\drivers\cmsis\dsp_lib\source\basicmathfunctions\arm_scale_q31.o
                0x08001318                arm_scale_q31
 .text          0x0800146c       0xe0 .objs\drivers\cmsis\dsp_lib\source\basicmathfunctions\arm_scale_q7.o
                0x080014cc                arm_scale_q7
 .text          0x0800154c      0x10c .objs\drivers\cmsis\dsp_lib\source\basicmathfunctions\arm_shift_q15.o
                0x080015ac                arm_shift_q15
 .text          0x08001658      0x120 .objs\drivers\cmsis\dsp_lib\source\basicmathfunctions\arm_shift_q31.o
                0x08001694                arm_shift_q31
 .text          0x08001778      0x10c .objs\drivers\cmsis\dsp_lib\source\basicmathfunctions\arm_shift_q7.o
                0x080017d8                arm_shift_q7
 .text          0x08001884       0x48 .objs\drivers\cmsis\dsp_lib\source\basicmathfunctions\arm_sub_f32.o
                0x08001884                arm_sub_f32
 .text          0x080018cc       0xb4 .objs\drivers\cmsis\dsp_lib\source\basicmathfunctions\arm_sub_q15.o
                0x0800192c                arm_sub_q15
 .text          0x08001980       0xa0 .objs\drivers\cmsis\dsp_lib\source\basicmathfunctions\arm_sub_q31.o
                0x080019bc                arm_sub_q31
 .text          0x08001a20       0xb4 .objs\drivers\cmsis\dsp_lib\source\basicmathfunctions\arm_sub_q7.o
                0x08001a80                arm_sub_q7
 .text          0x08001ad4        0x0 .objs\drivers\cmsis\dsp_lib\source\commontables\arm_common_tables.o
 .text          0x08001ad4        0x0 .objs\drivers\cmsis\dsp_lib\source\commontables\arm_const_structs.o
 .text          0x08001ad4       0x4c .objs\drivers\cmsis\dsp_lib\source\complexmathfunctions\arm_cmplx_conj_f32.o
                0x08001ad4                arm_cmplx_conj_f32
 .text          0x08001b20       0x70 .objs\drivers\cmsis\dsp_lib\source\complexmathfunctions\arm_cmplx_conj_q15.o
                0x08001b20                arm_cmplx_conj_q15
 .text          0x08001b90       0x60 .objs\drivers\cmsis\dsp_lib\source\complexmathfunctions\arm_cmplx_conj_q31.o
                0x08001b90                arm_cmplx_conj_q31
 .text          0x08001bf0       0xb8 .objs\drivers\cmsis\dsp_lib\source\complexmathfunctions\arm_cmplx_dot_prod_f32.o
                0x08001bf0                arm_cmplx_dot_prod_f32
 .text          0x08001ca8      0x180 .objs\drivers\cmsis\dsp_lib\source\complexmathfunctions\arm_cmplx_dot_prod_q15.o
                0x08001ca8                arm_cmplx_dot_prod_q15
 .text          0x08001e28      0x184 .objs\drivers\cmsis\dsp_lib\source\complexmathfunctions\arm_cmplx_dot_prod_q31.o
                0x08001e28                arm_cmplx_dot_prod_q31
 .text          0x08001fac       0xa0 .objs\drivers\cmsis\dsp_lib\source\complexmathfunctions\arm_cmplx_mag_f32.o
                0x08001fe8                arm_cmplx_mag_f32
 .text          0x0800204c       0xbc .objs\drivers\cmsis\dsp_lib\source\complexmathfunctions\arm_cmplx_mag_q15.o
                0x0800204c                arm_cmplx_mag_q15
 .text          0x08002108       0xa0 .objs\drivers\cmsis\dsp_lib\source\complexmathfunctions\arm_cmplx_mag_q31.o
                0x08002108                arm_cmplx_mag_q31
 .text          0x080021a8       0x64 .objs\drivers\cmsis\dsp_lib\source\complexmathfunctions\arm_cmplx_mag_squared_f32.o
                0x080021a8                arm_cmplx_mag_squared_f32
 .text          0x0800220c       0xb8 .objs\drivers\cmsis\dsp_lib\source\complexmathfunctions\arm_cmplx_mag_squared_q15.o
                0x0800220c                arm_cmplx_mag_squared_q15
 .text          0x080022c4       0x98 .objs\drivers\cmsis\dsp_lib\source\complexmathfunctions\arm_cmplx_mag_squared_q31.o
                0x080022c4                arm_cmplx_mag_squared_q31
 .text          0x0800235c       0xa0 .objs\drivers\cmsis\dsp_lib\source\complexmathfunctions\arm_cmplx_mult_cmplx_f32.o
                0x0800235c                arm_cmplx_mult_cmplx_f32
 .text          0x080023fc       0xd0 .objs\drivers\cmsis\dsp_lib\source\complexmathfunctions\arm_cmplx_mult_cmplx_q15.o
                0x080023fc                arm_cmplx_mult_cmplx_q15
 .text          0x080024cc      0x7d8 .objs\drivers\cmsis\dsp_lib\source\complexmathfunctions\arm_cmplx_mult_cmplx_q31.o
                0x080024cc                arm_cmplx_mult_cmplx_q31
 .text          0x08002ca4       0x68 .objs\drivers\cmsis\dsp_lib\source\complexmathfunctions\arm_cmplx_mult_real_f32.o
                0x08002ca4                arm_cmplx_mult_real_f32
 .text          0x08002d0c       0xec .objs\drivers\cmsis\dsp_lib\source\complexmathfunctions\arm_cmplx_mult_real_q15.o
                0x08002d6c                arm_cmplx_mult_real_q15
 .text          0x08002df8      0x108 .objs\drivers\cmsis\dsp_lib\source\complexmathfunctions\arm_cmplx_mult_real_q31.o
                0x08002e34                arm_cmplx_mult_real_q31
 .text          0x08002f00       0x80 .objs\drivers\cmsis\dsp_lib\source\controllerfunctions\arm_pid_init_f32.o
                0x08002f00                arm_pid_init_f32
 .text          0x08002f80       0xec .objs\drivers\cmsis\dsp_lib\source\controllerfunctions\arm_pid_init_q15.o
                0x08002fe0                arm_pid_init_q15
 .text          0x0800306c      0x11c .objs\drivers\cmsis\dsp_lib\source\controllerfunctions\arm_pid_init_q31.o
                0x080030a8                arm_pid_init_q31
 .text          0x08003188       0x20 .objs\drivers\cmsis\dsp_lib\source\controllerfunctions\arm_pid_reset_f32.o
                0x08003188                arm_pid_reset_f32
 .text          0x080031a8       0x20 .objs\drivers\cmsis\dsp_lib\source\controllerfunctions\arm_pid_reset_q15.o
                0x080031a8                arm_pid_reset_q15
 .text          0x080031c8       0x20 .objs\drivers\cmsis\dsp_lib\source\controllerfunctions\arm_pid_reset_q31.o
                0x080031c8                arm_pid_reset_q31
 .text          0x080031e8      0x2c0 .objs\drivers\cmsis\dsp_lib\source\controllerfunctions\arm_sin_cos_f32.o
                0x080031e8                arm_sin_cos_f32
 .text          0x080034a8      0x8dc .objs\drivers\cmsis\dsp_lib\source\controllerfunctions\arm_sin_cos_q31.o
                0x080034e4                arm_sin_cos_q31
 .text          0x08003d84       0xec .objs\drivers\cmsis\dsp_lib\source\fastmathfunctions\arm_cos_f32.o
                0x08003d84                arm_cos_f32
 .text          0x08003e70       0xd8 .objs\drivers\cmsis\dsp_lib\source\fastmathfunctions\arm_cos_q15.o
                0x08003e70                arm_cos_q15
 .text          0x08003f48       0xd0 .objs\drivers\cmsis\dsp_lib\source\fastmathfunctions\arm_cos_q31.o
                0x08003f48                arm_cos_q31
 .text          0x08004018       0xfc .objs\drivers\cmsis\dsp_lib\source\fastmathfunctions\arm_sin_f32.o
                0x08004018                arm_sin_f32
 .text          0x08004114       0xa8 .objs\drivers\cmsis\dsp_lib\source\fastmathfunctions\arm_sin_q15.o
                0x08004114                arm_sin_q15
 .text          0x080041bc       0xb4 .objs\drivers\cmsis\dsp_lib\source\fastmathfunctions\arm_sin_q31.o
                0x080041bc                arm_sin_q31
 .text          0x08004270      0x258 .objs\drivers\cmsis\dsp_lib\source\fastmathfunctions\arm_sqrt_q15.o
                0x08004270                arm_sqrt_q15
 .text          0x080044c8      0x4f8 .objs\drivers\cmsis\dsp_lib\source\fastmathfunctions\arm_sqrt_q31.o
                0x080044c8                arm_sqrt_q31
 .text          0x080049c0       0x50 .objs\drivers\cmsis\dsp_lib\source\filteringfunctions\arm_biquad_cascade_df1_32x64_init_q31.o
                0x080049c0                arm_biquad_cas_df1_32x64_init_q31
 .text          0x08004a10      0x3d0 .objs\drivers\cmsis\dsp_lib\source\filteringfunctions\arm_biquad_cascade_df1_32x64_q31.o
                0x08004a7c                arm_biquad_cas_df1_32x64_q31
 .text          0x08004de0      0x154 .objs\drivers\cmsis\dsp_lib\source\filteringfunctions\arm_biquad_cascade_df1_f32.o
                0x08004de0                arm_biquad_cascade_df1_f32
 .text          0x08004f34      0x320 .objs\drivers\cmsis\dsp_lib\source\filteringfunctions\arm_biquad_cascade_df1_fast_q15.o
                0x08005020                arm_biquad_cascade_df1_fast_q15
 .text          0x08005254     0x149c .objs\drivers\cmsis\dsp_lib\source\filteringfunctions\arm_biquad_cascade_df1_fast_q31.o
                0x08005254                arm_biquad_cascade_df1_fast_q31
 .text          0x080066f0       0x44 .objs\drivers\cmsis\dsp_lib\source\filteringfunctions\arm_biquad_cascade_df1_init_f32.o
                0x080066f0                arm_biquad_cascade_df1_init_f32
 .text          0x08006734       0x50 .objs\drivers\cmsis\dsp_lib\source\filteringfunctions\arm_biquad_cascade_df1_init_q15.o
                0x08006734                arm_biquad_cascade_df1_init_q15
 .text          0x08006784       0x50 .objs\drivers\cmsis\dsp_lib\source\filteringfunctions\arm_biquad_cascade_df1_init_q31.o
                0x08006784                arm_biquad_cascade_df1_init_q31
 .text          0x080067d4      0x370 .objs\drivers\cmsis\dsp_lib\source\filteringfunctions\arm_biquad_cascade_df1_q15.o
                0x08006834                arm_biquad_cascade_df1_q15
 .text          0x08006b44      0xef0 .objs\drivers\cmsis\dsp_lib\source\filteringfunctions\arm_biquad_cascade_df1_q31.o
                0x08006b44                arm_biquad_cascade_df1_q31
 .text          0x08007a34       0xe8 .objs\drivers\cmsis\dsp_lib\source\filteringfunctions\arm_biquad_cascade_df2t_f32.o
                0x08007a34                arm_biquad_cascade_df2T_f32
 .text          0x08007b1c      0x130 .objs\drivers\cmsis\dsp_lib\source\filteringfunctions\arm_biquad_cascade_df2t_f64.o
                0x08007b1c                arm_biquad_cascade_df2T_f64
 .text          0x08007c4c       0x44 .objs\drivers\cmsis\dsp_lib\source\filteringfunctions\arm_biquad_cascade_df2t_init_f32.o
                0x08007c4c                arm_biquad_cascade_df2T_init_f32
 .text          0x08007c90       0x44 .objs\drivers\cmsis\dsp_lib\source\filteringfunctions\arm_biquad_cascade_df2t_init_f64.o
                0x08007c90                arm_biquad_cascade_df2T_init_f64
 .text          0x08007cd4      0x150 .objs\drivers\cmsis\dsp_lib\source\filteringfunctions\arm_biquad_cascade_stereo_df2t_f32.o
                0x08007cd4                arm_biquad_cascade_stereo_df2T_f32
 .text          0x08007e24       0x44 .objs\drivers\cmsis\dsp_lib\source\filteringfunctions\arm_biquad_cascade_stereo_df2t_init_f32.o
                0x08007e24                arm_biquad_cascade_stereo_df2T_init_f32
 .text          0x08007e68       0x9c .objs\drivers\cmsis\dsp_lib\source\filteringfunctions\arm_conv_f32.o
                0x08007e68                arm_conv_f32
 .text          0x08007f04      0x500 .objs\drivers\cmsis\dsp_lib\source\filteringfunctions\arm_conv_fast_opt_q15.o
                0x08007fcc                arm_conv_fast_opt_q15
 .text          0x08008404      0x820 .objs\drivers\cmsis\dsp_lib\source\filteringfunctions\arm_conv_fast_q15.o
                0x0800846c                arm_conv_fast_q15
 .text          0x08008c24     0x2228 .objs\drivers\cmsis\dsp_lib\source\filteringfunctions\arm_conv_fast_q31.o
                0x08008c24                arm_conv_fast_q31
 .text          0x0800ae4c      0x938 .objs\drivers\cmsis\dsp_lib\source\filteringfunctions\arm_conv_opt_q15.o
                0x0800af2c                arm_conv_opt_q15
 .text          0x0800b784      0x628 .objs\drivers\cmsis\dsp_lib\source\filteringfunctions\arm_conv_opt_q7.o
                0x0800b84c                arm_conv_opt_q7
 .text          0x0800bdac       0xc8 .objs\drivers\cmsis\dsp_lib\source\filteringfunctions\arm_conv_partial_f32.o
                0x0800bdac                arm_conv_partial_f32
 .text          0x0800be74      0x564 .objs\drivers\cmsis\dsp_lib\source\filteringfunctions\arm_conv_partial_fast_opt_q15.o
                0x0800bf3c                arm_conv_partial_fast_opt_q15
 .text          0x0800c3d8      0x930 .objs\drivers\cmsis\dsp_lib\source\filteringfunctions\arm_conv_partial_fast_q15.o
                0x0800c440                arm_conv_partial_fast_q15
 .text          0x0800cd08     0x24b4 .objs\drivers\cmsis\dsp_lib\source\filteringfunctions\arm_conv_partial_fast_q31.o
                0x0800cd08                arm_conv_partial_fast_q31
 .text          0x0800f1bc      0x93c .objs\drivers\cmsis\dsp_lib\source\filteringfunctions\arm_conv_partial_opt_q15.o
                0x0800f29c                arm_conv_partial_opt_q15
 .text          0x0800faf8      0x678 .objs\drivers\cmsis\dsp_lib\source\filteringfunctions\arm_conv_partial_opt_q7.o
                0x0800fbc0                arm_conv_partial_opt_q7
 .text          0x08010170      0x164 .objs\drivers\cmsis\dsp_lib\source\filteringfunctions\arm_conv_partial_q15.o
                0x080101d0                arm_conv_partial_q15
 .text          0x080102d4      0x104 .objs\drivers\cmsis\dsp_lib\source\filteringfunctions\arm_conv_partial_q31.o
                0x080102d4                arm_conv_partial_q31
 .text          0x080103d8      0x12c .objs\drivers\cmsis\dsp_lib\source\filteringfunctions\arm_conv_partial_q7.o
                0x08010438                arm_conv_partial_q7
 .text          0x08010504      0x124 .objs\drivers\cmsis\dsp_lib\source\filteringfunctions\arm_conv_q15.o
                0x08010564                arm_conv_q15
 .text          0x08010628       0xc8 .objs\drivers\cmsis\dsp_lib\source\filteringfunctions\arm_conv_q31.o
                0x08010628                arm_conv_q31
 .text          0x080106f0      0x100 .objs\drivers\cmsis\dsp_lib\source\filteringfunctions\arm_conv_q7.o
                0x08010750                arm_conv_q7
 .text          0x080107f0      0x120 .objs\drivers\cmsis\dsp_lib\source\filteringfunctions\arm_correlate_f32.o
                0x080107f0                arm_correlate_f32
 .text          0x08010910      0x4bc .objs\drivers\cmsis\dsp_lib\source\filteringfunctions\arm_correlate_fast_opt_q15.o
                0x080109d8                arm_correlate_fast_opt_q15
 .text          0x08010dcc      0x790 .objs\drivers\cmsis\dsp_lib\source\filteringfunctions\arm_correlate_fast_q15.o
                0x08010e34                arm_correlate_fast_q15
 .text          0x0801155c     0x2380 .objs\drivers\cmsis\dsp_lib\source\filteringfunctions\arm_correlate_fast_q31.o
                0x0801155c                arm_correlate_fast_q31
 .text          0x080138dc      0x898 .objs\drivers\cmsis\dsp_lib\source\filteringfunctions\arm_correlate_opt_q15.o
                0x080139bc                arm_correlate_opt_q15
 .text          0x08014174      0x628 .objs\drivers\cmsis\dsp_lib\source\filteringfunctions\arm_correlate_opt_q7.o
                0x0801423c                arm_correlate_opt_q7
 .text          0x0801479c      0x1c8 .objs\drivers\cmsis\dsp_lib\source\filteringfunctions\arm_correlate_q15.o
                0x080147fc                arm_correlate_q15
 .text          0x08014964      0x160 .objs\drivers\cmsis\dsp_lib\source\filteringfunctions\arm_correlate_q31.o
                0x08014964                arm_correlate_q31
 .text          0x08014ac4      0x17c .objs\drivers\cmsis\dsp_lib\source\filteringfunctions\arm_correlate_q7.o
                0x08014b24                arm_correlate_q7
 .text          0x08014c40      0x10c .objs\drivers\cmsis\dsp_lib\source\filteringfunctions\arm_fir_decimate_f32.o
                0x08014c40                arm_fir_decimate_f32
 .text          0x08014d4c      0x408 .objs\drivers\cmsis\dsp_lib\source\filteringfunctions\arm_fir_decimate_fast_q15.o
                0x08014de0                arm_fir_decimate_fast_q15
 .text          0x08015154     0x10b4 .objs\drivers\cmsis\dsp_lib\source\filteringfunctions\arm_fir_decimate_fast_q31.o
                0x08015154                arm_fir_decimate_fast_q31
 .text          0x08016208       0x94 .objs\drivers\cmsis\dsp_lib\source\filteringfunctions\arm_fir_decimate_init_f32.o
                0x08016208                arm_fir_decimate_init_f32
 .text          0x0801629c       0x94 .objs\drivers\cmsis\dsp_lib\source\filteringfunctions\arm_fir_decimate_init_q15.o
                0x0801629c                arm_fir_decimate_init_q15
 .text          0x08016330       0x94 .objs\drivers\cmsis\dsp_lib\source\filteringfunctions\arm_fir_decimate_init_q31.o
                0x08016330                arm_fir_decimate_init_q31
 .text          0x080163c4      0x198 .objs\drivers\cmsis\dsp_lib\source\filteringfunctions\arm_fir_decimate_q15.o
                0x08016424                arm_fir_decimate_q15
 .text          0x0801655c      0x138 .objs\drivers\cmsis\dsp_lib\source\filteringfunctions\arm_fir_decimate_q31.o
                0x0801655c                arm_fir_decimate_q31
 .text          0x08016694       0xdc .objs\drivers\cmsis\dsp_lib\source\filteringfunctions\arm_fir_f32.o
                0x08016694                arm_fir_f32
 .text          0x08016770      0x49c .objs\drivers\cmsis\dsp_lib\source\filteringfunctions\arm_fir_fast_q15.o
                0x08016838                arm_fir_fast_q15
 .text          0x08016c0c     0x13f0 .objs\drivers\cmsis\dsp_lib\source\filteringfunctions\arm_fir_fast_q31.o
                0x08016c0c                arm_fir_fast_q31
 .text          0x08017ffc       0x54 .objs\drivers\cmsis\dsp_lib\source\filteringfunctions\arm_fir_init_f32.o
                0x08017ffc                arm_fir_init_f32
 .text          0x08018050       0x64 .objs\drivers\cmsis\dsp_lib\source\filteringfunctions\arm_fir_init_q15.o
                0x08018050                arm_fir_init_q15
 .text          0x080180b4       0x54 .objs\drivers\cmsis\dsp_lib\source\filteringfunctions\arm_fir_init_q31.o
                0x080180b4                arm_fir_init_q31
 .text          0x08018108       0x48 .objs\drivers\cmsis\dsp_lib\source\filteringfunctions\arm_fir_init_q7.o
                0x08018108                arm_fir_init_q7
 .text          0x08018150      0x138 .objs\drivers\cmsis\dsp_lib\source\filteringfunctions\arm_fir_interpolate_f32.o
                0x08018150                arm_fir_interpolate_f32
 .text          0x08018288       0xac .objs\drivers\cmsis\dsp_lib\source\filteringfunctions\arm_fir_interpolate_init_f32.o
                0x08018288                arm_fir_interpolate_init_f32
 .text          0x08018334       0xac .objs\drivers\cmsis\dsp_lib\source\filteringfunctions\arm_fir_interpolate_init_q15.o
                0x08018334                arm_fir_interpolate_init_q15
 .text          0x080183e0       0xac .objs\drivers\cmsis\dsp_lib\source\filteringfunctions\arm_fir_interpolate_init_q31.o
                0x080183e0                arm_fir_interpolate_init_q31
 .text          0x0801848c      0x1e8 .objs\drivers\cmsis\dsp_lib\source\filteringfunctions\arm_fir_interpolate_q15.o
                0x080184ec                arm_fir_interpolate_q15
 .text          0x08018674      0x1b0 .objs\drivers\cmsis\dsp_lib\source\filteringfunctions\arm_fir_interpolate_q31.o
                0x08018674                arm_fir_interpolate_q31
 .text          0x08018824      0x104 .objs\drivers\cmsis\dsp_lib\source\filteringfunctions\arm_fir_lattice_f32.o
                0x08018824                arm_fir_lattice_f32
 .text          0x08018928       0x44 .objs\drivers\cmsis\dsp_lib\source\filteringfunctions\arm_fir_lattice_init_f32.o
                0x08018928                arm_fir_lattice_init_f32
 .text          0x0801896c       0x44 .objs\drivers\cmsis\dsp_lib\source\filteringfunctions\arm_fir_lattice_init_q15.o
                0x0801896c                arm_fir_lattice_init_q15
 .text          0x080189b0       0x44 .objs\drivers\cmsis\dsp_lib\source\filteringfunctions\arm_fir_lattice_init_q31.o
                0x080189b0                arm_fir_lattice_init_q31
 .text          0x080189f4      0x19c .objs\drivers\cmsis\dsp_lib\source\filteringfunctions\arm_fir_lattice_q15.o
                0x08018a54                arm_fir_lattice_q15
 .text          0x08018b90      0x204 .objs\drivers\cmsis\dsp_lib\source\filteringfunctions\arm_fir_lattice_q31.o
                0x08018b90                arm_fir_lattice_q31
 .text          0x08018d94      0x168 .objs\drivers\cmsis\dsp_lib\source\filteringfunctions\arm_fir_q15.o
                0x08018df4                arm_fir_q15
 .text          0x08018efc      0x104 .objs\drivers\cmsis\dsp_lib\source\filteringfunctions\arm_fir_q31.o
                0x08018efc                arm_fir_q31
 .text          0x08019000      0x144 .objs\drivers\cmsis\dsp_lib\source\filteringfunctions\arm_fir_q7.o
                0x08019060                arm_fir_q7
 .text          0x08019144      0x320 .objs\drivers\cmsis\dsp_lib\source\filteringfunctions\arm_fir_sparse_f32.o
                0x08019230                arm_fir_sparse_f32
 .text          0x08019464       0x60 .objs\drivers\cmsis\dsp_lib\source\filteringfunctions\arm_fir_sparse_init_f32.o
                0x08019464                arm_fir_sparse_init_f32
 .text          0x080194c4       0x60 .objs\drivers\cmsis\dsp_lib\source\filteringfunctions\arm_fir_sparse_init_q15.o
                0x080194c4                arm_fir_sparse_init_q15
 .text          0x08019524       0x60 .objs\drivers\cmsis\dsp_lib\source\filteringfunctions\arm_fir_sparse_init_q31.o
                0x08019524                arm_fir_sparse_init_q31
 .text          0x08019584       0x5c .objs\drivers\cmsis\dsp_lib\source\filteringfunctions\arm_fir_sparse_init_q7.o
                0x08019584                arm_fir_sparse_init_q7
 .text          0x080195e0      0x3c8 .objs\drivers\cmsis\dsp_lib\source\filteringfunctions\arm_fir_sparse_q15.o
                0x0801972c                arm_fir_sparse_q15
 .text          0x080199a8      0x500 .objs\drivers\cmsis\dsp_lib\source\filteringfunctions\arm_fir_sparse_q31.o
                0x08019a94                arm_fir_sparse_q31
 .text          0x08019ea8      0x3c8 .objs\drivers\cmsis\dsp_lib\source\filteringfunctions\arm_fir_sparse_q7.o
                0x08019fec                arm_fir_sparse_q7
 .text          0x0801a270      0x144 .objs\drivers\cmsis\dsp_lib\source\filteringfunctions\arm_iir_lattice_f32.o
                0x0801a270                arm_iir_lattice_f32
 .text          0x0801a3b4       0x50 .objs\drivers\cmsis\dsp_lib\source\filteringfunctions\arm_iir_lattice_init_f32.o
                0x0801a3b4                arm_iir_lattice_init_f32
 .text          0x0801a404       0x50 .objs\drivers\cmsis\dsp_lib\source\filteringfunctions\arm_iir_lattice_init_q15.o
                0x0801a404                arm_iir_lattice_init_q15
 .text          0x0801a454       0x50 .objs\drivers\cmsis\dsp_lib\source\filteringfunctions\arm_iir_lattice_init_q31.o
                0x0801a454                arm_iir_lattice_init_q31
 .text          0x0801a4a4      0x20c .objs\drivers\cmsis\dsp_lib\source\filteringfunctions\arm_iir_lattice_q15.o
                0x0801a504                arm_iir_lattice_q15
 .text          0x0801a6b0      0x358 .objs\drivers\cmsis\dsp_lib\source\filteringfunctions\arm_iir_lattice_q31.o
                0x0801a6ec                arm_iir_lattice_q31
 .text          0x0801aa08      0x160 .objs\drivers\cmsis\dsp_lib\source\filteringfunctions\arm_lms_f32.o
                0x0801aa08                arm_lms_f32
 .text          0x0801ab68       0x58 .objs\drivers\cmsis\dsp_lib\source\filteringfunctions\arm_lms_init_f32.o
                0x0801ab68                arm_lms_init_f32
 .text          0x0801abc0       0x64 .objs\drivers\cmsis\dsp_lib\source\filteringfunctions\arm_lms_init_q15.o
                0x0801abc0                arm_lms_init_q15
 .text          0x0801ac24       0x60 .objs\drivers\cmsis\dsp_lib\source\filteringfunctions\arm_lms_init_q31.o
                0x0801ac24                arm_lms_init_q31
 .text          0x0801ac84      0x1cc .objs\drivers\cmsis\dsp_lib\source\filteringfunctions\arm_lms_norm_f32.o
                0x0801ac84                arm_lms_norm_f32
 .text          0x0801ae50       0x64 .objs\drivers\cmsis\dsp_lib\source\filteringfunctions\arm_lms_norm_init_f32.o
                0x0801ae50                arm_lms_norm_init_f32
 .text          0x0801aeb4       0x7c .objs\drivers\cmsis\dsp_lib\source\filteringfunctions\arm_lms_norm_init_q15.o
                0x0801aeb4                arm_lms_norm_init_q15
 .text          0x0801af30       0x78 .objs\drivers\cmsis\dsp_lib\source\filteringfunctions\arm_lms_norm_init_q31.o
                0x0801af30                arm_lms_norm_init_q31
 .text          0x0801afa8      0x4dc .objs\drivers\cmsis\dsp_lib\source\filteringfunctions\arm_lms_norm_q15.o
                0x0801b100                arm_lms_norm_q15
 .text          0x0801b484      0x744 .objs\drivers\cmsis\dsp_lib\source\filteringfunctions\arm_lms_norm_q31.o
                0x0801b5b0                arm_lms_norm_q31
 .text          0x0801bbc8      0x278 .objs\drivers\cmsis\dsp_lib\source\filteringfunctions\arm_lms_q15.o
                0x0801bc28                arm_lms_q15
 .text          0x0801be40      0x338 .objs\drivers\cmsis\dsp_lib\source\filteringfunctions\arm_lms_q31.o
                0x0801be7c                arm_lms_q31
 .text          0x0801c178       0x78 .objs\drivers\cmsis\dsp_lib\source\matrixfunctions\arm_mat_add_f32.o
                0x0801c178                arm_mat_add_f32
 .text          0x0801c1f0       0xe8 .objs\drivers\cmsis\dsp_lib\source\matrixfunctions\arm_mat_add_q15.o
                0x0801c250                arm_mat_add_q15
 .text          0x0801c2d8       0xf0 .objs\drivers\cmsis\dsp_lib\source\matrixfunctions\arm_mat_add_q31.o
                0x0801c344                arm_mat_add_q31
 .text          0x0801c3c8      0x440 .objs\drivers\cmsis\dsp_lib\source\matrixfunctions\arm_mat_cmplx_mult_f32.o
                0x0801c3c8                arm_mat_cmplx_mult_f32
 .text          0x0801c808      0x654 .objs\drivers\cmsis\dsp_lib\source\matrixfunctions\arm_mat_cmplx_mult_q15.o
                0x0801c8c0                arm_mat_cmplx_mult_q15
 .text          0x0801ce5c      0xd5c .objs\drivers\cmsis\dsp_lib\source\matrixfunctions\arm_mat_cmplx_mult_q31.o
                0x0801ce98                arm_mat_cmplx_mult_q31
 .text          0x0801dbb8       0x40 .objs\drivers\cmsis\dsp_lib\source\matrixfunctions\arm_mat_init_f32.o
                0x0801dbb8                arm_mat_init_f32
 .text          0x0801dbf8       0x40 .objs\drivers\cmsis\dsp_lib\source\matrixfunctions\arm_mat_init_q15.o
                0x0801dbf8                arm_mat_init_q15
 .text          0x0801dc38       0x40 .objs\drivers\cmsis\dsp_lib\source\matrixfunctions\arm_mat_init_q31.o
                0x0801dc38                arm_mat_init_q31
 .text          0x0801dc78      0x394 .objs\drivers\cmsis\dsp_lib\source\matrixfunctions\arm_mat_inverse_f32.o
                0x0801dc78                arm_mat_inverse_f32
 .text          0x0801e00c      0x404 .objs\drivers\cmsis\dsp_lib\source\matrixfunctions\arm_mat_inverse_f64.o
                0x0801e00c                arm_mat_inverse_f64
 .text          0x0801e410      0x168 .objs\drivers\cmsis\dsp_lib\source\matrixfunctions\arm_mat_mult_f32.o
                0x0801e410                arm_mat_mult_f32
 .text          0x0801e578      0x320 .objs\drivers\cmsis\dsp_lib\source\matrixfunctions\arm_mat_mult_fast_q15.o
                0x0801e5ac                arm_mat_mult_fast_q15
 .text          0x0801e898      0x61c .objs\drivers\cmsis\dsp_lib\source\matrixfunctions\arm_mat_mult_fast_q31.o
                0x0801e898                arm_mat_mult_fast_q31
 .text          0x0801eeb4      0x29c .objs\drivers\cmsis\dsp_lib\source\matrixfunctions\arm_mat_mult_q15.o
                0x0801ef14                arm_mat_mult_q15
 .text          0x0801f150      0x280 .objs\drivers\cmsis\dsp_lib\source\matrixfunctions\arm_mat_mult_q31.o
                0x0801f18c                arm_mat_mult_q31
 .text          0x0801f3d0       0x6c .objs\drivers\cmsis\dsp_lib\source\matrixfunctions\arm_mat_scale_f32.o
                0x0801f3d0                arm_mat_scale_f32
 .text          0x0801f43c       0xf0 .objs\drivers\cmsis\dsp_lib\source\matrixfunctions\arm_mat_scale_q15.o
                0x0801f49c                arm_mat_scale_q15
 .text          0x0801f52c       0xc4 .objs\drivers\cmsis\dsp_lib\source\matrixfunctions\arm_mat_scale_q31.o
                0x0801f52c                arm_mat_scale_q31
 .text          0x0801f5f0       0x78 .objs\drivers\cmsis\dsp_lib\source\matrixfunctions\arm_mat_sub_f32.o
                0x0801f5f0                arm_mat_sub_f32
 .text          0x0801f668       0xe4 .objs\drivers\cmsis\dsp_lib\source\matrixfunctions\arm_mat_sub_q15.o
                0x0801f6c8                arm_mat_sub_q15
 .text          0x0801f74c       0xf4 .objs\drivers\cmsis\dsp_lib\source\matrixfunctions\arm_mat_sub_q31.o
                0x0801f7bc                arm_mat_sub_q31
 .text          0x0801f840       0xcc .objs\drivers\cmsis\dsp_lib\source\matrixfunctions\arm_mat_trans_f32.o
                0x0801f840                arm_mat_trans_f32
 .text          0x0801f90c       0xd0 .objs\drivers\cmsis\dsp_lib\source\matrixfunctions\arm_mat_trans_q15.o
                0x0801f90c                arm_mat_trans_q15
 .text          0x0801f9dc       0xcc .objs\drivers\cmsis\dsp_lib\source\matrixfunctions\arm_mat_trans_q31.o
                0x0801f9dc                arm_mat_trans_q31
 .text          0x0801faa8       0x68 .objs\drivers\cmsis\dsp_lib\source\statisticsfunctions\arm_max_f32.o
                0x0801faa8                arm_max_f32
 .text          0x0801fb10       0x84 .objs\drivers\cmsis\dsp_lib\source\statisticsfunctions\arm_max_q15.o
                0x0801fb10                arm_max_q15
 .text          0x0801fb94       0x64 .objs\drivers\cmsis\dsp_lib\source\statisticsfunctions\arm_max_q31.o
                0x0801fb94                arm_max_q31
 .text          0x0801fbf8       0x84 .objs\drivers\cmsis\dsp_lib\source\statisticsfunctions\arm_max_q7.o
                0x0801fbf8                arm_max_q7
 .text          0x0801fc7c       0x58 .objs\drivers\cmsis\dsp_lib\source\statisticsfunctions\arm_mean_f32.o
                0x0801fc7c                arm_mean_f32
 .text          0x0801fcd4       0x50 .objs\drivers\cmsis\dsp_lib\source\statisticsfunctions\arm_mean_q15.o
                0x0801fcd4                arm_mean_q15
 .text          0x0801fd24       0x68 .objs\drivers\cmsis\dsp_lib\source\statisticsfunctions\arm_mean_q31.o
                0x0801fd24                arm_mean_q31
 .text          0x0801fd8c       0x50 .objs\drivers\cmsis\dsp_lib\source\statisticsfunctions\arm_mean_q7.o
                0x0801fd8c                arm_mean_q7
 .text          0x0801fddc       0x68 .objs\drivers\cmsis\dsp_lib\source\statisticsfunctions\arm_min_f32.o
                0x0801fddc                arm_min_f32
 .text          0x0801fe44       0x84 .objs\drivers\cmsis\dsp_lib\source\statisticsfunctions\arm_min_q15.o
                0x0801fe44                arm_min_q15
 .text          0x0801fec8       0x64 .objs\drivers\cmsis\dsp_lib\source\statisticsfunctions\arm_min_q31.o
                0x0801fec8                arm_min_q31
 .text          0x0801ff2c       0x84 .objs\drivers\cmsis\dsp_lib\source\statisticsfunctions\arm_min_q7.o
                0x0801ff2c                arm_min_q7
 .text          0x0801ffb0       0x50 .objs\drivers\cmsis\dsp_lib\source\statisticsfunctions\arm_power_f32.o
                0x0801ffb0                arm_power_f32
 .text          0x08020000       0x6c .objs\drivers\cmsis\dsp_lib\source\statisticsfunctions\arm_power_q15.o
                0x08020000                arm_power_q15
 .text          0x0802006c       0x78 .objs\drivers\cmsis\dsp_lib\source\statisticsfunctions\arm_power_q31.o
                0x0802006c                arm_power_q31
 .text          0x080200e4       0x58 .objs\drivers\cmsis\dsp_lib\source\statisticsfunctions\arm_power_q7.o
                0x080200e4                arm_power_q7
 .text          0x0802013c       0xa4 .objs\drivers\cmsis\dsp_lib\source\statisticsfunctions\arm_rms_f32.o
                0x08020178                arm_rms_f32
 .text          0x080201e0      0x110 .objs\drivers\cmsis\dsp_lib\source\statisticsfunctions\arm_rms_q15.o
                0x08020240                arm_rms_q15
 .text          0x080202f0       0xd8 .objs\drivers\cmsis\dsp_lib\source\statisticsfunctions\arm_rms_q31.o
                0x0802032c                arm_rms_q31
 .text          0x080203c8       0xfc .objs\drivers\cmsis\dsp_lib\source\statisticsfunctions\arm_std_f32.o
                0x08020404                arm_std_f32
 .text          0x080204c4      0x170 .objs\drivers\cmsis\dsp_lib\source\statisticsfunctions\arm_std_q15.o
                0x08020524                arm_std_q15
 .text          0x08020634      0x10c .objs\drivers\cmsis\dsp_lib\source\statisticsfunctions\arm_std_q31.o
                0x08020634                arm_std_q31
 .text          0x08020740       0xb8 .objs\drivers\cmsis\dsp_lib\source\statisticsfunctions\arm_var_f32.o
                0x08020740                arm_var_f32
 .text          0x080207f8      0x100 .objs\drivers\cmsis\dsp_lib\source\statisticsfunctions\arm_var_q15.o
                0x080207f8                arm_var_q15
 .text          0x080208f8      0x104 .objs\drivers\cmsis\dsp_lib\source\statisticsfunctions\arm_var_q31.o
                0x080208f8                arm_var_q31
 .text          0x080209fc       0x38 .objs\drivers\cmsis\dsp_lib\source\supportfunctions\arm_copy_f32.o
                0x080209fc                arm_copy_f32
 .text          0x08020a34       0x38 .objs\drivers\cmsis\dsp_lib\source\supportfunctions\arm_copy_q15.o
                0x08020a34                arm_copy_q15
 .text          0x08020a6c       0x38 .objs\drivers\cmsis\dsp_lib\source\supportfunctions\arm_copy_q31.o
                0x08020a6c                arm_copy_q31
 .text          0x08020aa4       0x38 .objs\drivers\cmsis\dsp_lib\source\supportfunctions\arm_copy_q7.o
                0x08020aa4                arm_copy_q7
 .text          0x08020adc       0x30 .objs\drivers\cmsis\dsp_lib\source\supportfunctions\arm_fill_f32.o
                0x08020adc                arm_fill_f32
 .text          0x08020b0c       0x3c .objs\drivers\cmsis\dsp_lib\source\supportfunctions\arm_fill_q15.o
                0x08020b0c                arm_fill_q15
 .text          0x08020b48       0x30 .objs\drivers\cmsis\dsp_lib\source\supportfunctions\arm_fill_q31.o
                0x08020b48                arm_fill_q31
 .text          0x08020b78       0x3c .objs\drivers\cmsis\dsp_lib\source\supportfunctions\arm_fill_q7.o
                0x08020b78                arm_fill_q7
 .text          0x08020bb4       0xbc .objs\drivers\cmsis\dsp_lib\source\supportfunctions\arm_float_to_q15.o
                0x08020c14                arm_float_to_q15
 .text          0x08020c70       0x98 .objs\drivers\cmsis\dsp_lib\source\supportfunctions\arm_float_to_q31.o
                0x08020cac                arm_float_to_q31
 .text          0x08020d08       0xbc .objs\drivers\cmsis\dsp_lib\source\supportfunctions\arm_float_to_q7.o
                0x08020d68                arm_float_to_q7
 .text          0x08020dc4       0x50 .objs\drivers\cmsis\dsp_lib\source\supportfunctions\arm_q15_to_float.o
                0x08020dc4                arm_q15_to_float
 .text          0x08020e14       0x40 .objs\drivers\cmsis\dsp_lib\source\supportfunctions\arm_q15_to_q31.o
                0x08020e14                arm_q15_to_q31
 .text          0x08020e54       0x44 .objs\drivers\cmsis\dsp_lib\source\supportfunctions\arm_q15_to_q7.o
                0x08020e54                arm_q15_to_q7
 .text          0x08020e98       0x50 .objs\drivers\cmsis\dsp_lib\source\supportfunctions\arm_q31_to_float.o
                0x08020e98                arm_q31_to_float
 .text          0x08020ee8       0x40 .objs\drivers\cmsis\dsp_lib\source\supportfunctions\arm_q31_to_q15.o
                0x08020ee8                arm_q31_to_q15
 .text          0x08020f28       0x40 .objs\drivers\cmsis\dsp_lib\source\supportfunctions\arm_q31_to_q7.o
                0x08020f28                arm_q31_to_q7
 .text          0x08020f68       0x50 .objs\drivers\cmsis\dsp_lib\source\supportfunctions\arm_q7_to_float.o
                0x08020f68                arm_q7_to_float
 .text          0x08020fb8       0x40 .objs\drivers\cmsis\dsp_lib\source\supportfunctions\arm_q7_to_q15.o
                0x08020fb8                arm_q7_to_q15
 .text          0x08020ff8       0x40 .objs\drivers\cmsis\dsp_lib\source\supportfunctions\arm_q7_to_q31.o
                0x08020ff8                arm_q7_to_q31
 .text          0x08021038      0x540 .objs\drivers\cmsis\dsp_lib\source\transformfunctions\arm_bitreversal.o
                0x08021038                arm_bitreversal_f32
                0x080212c4                arm_bitreversal_q31
                0x08021478                arm_bitreversal_q15
 .text          0x08021578     0x1548 .objs\drivers\cmsis\dsp_lib\source\transformfunctions\arm_cfft_f32.o
                0x08021578                arm_cfft_radix8by2_f32
                0x08021a50                arm_cfft_radix8by4_f32
                0x08022960                arm_cfft_f32
 .text          0x08022ac0      0x67c .objs\drivers\cmsis\dsp_lib\source\transformfunctions\arm_cfft_q15.o
                0x08022ac0                arm_cfft_q15
                0x08022bec                arm_cfft_radix4by2_q15
                0x08022e94                arm_cfft_radix4by2_inverse_q15
 .text          0x0802313c      0xa04 .objs\drivers\cmsis\dsp_lib\source\transformfunctions\arm_cfft_q31.o
                0x0802313c                arm_cfft_q31
                0x08023268                arm_cfft_radix4by2_q31
                0x080236d4                arm_cfft_radix4by2_inverse_q31
 .text          0x08023b40      0x49c .objs\drivers\cmsis\dsp_lib\source\transformfunctions\arm_cfft_radix2_f32.o
                0x08023b40                arm_cfft_radix2_f32
                0x08023ba8                arm_radix2_butterfly_f32
                0x08023d3c                arm_radix2_butterfly_inverse_f32
 .text          0x08023fdc      0x1e4 .objs\drivers\cmsis\dsp_lib\source\transformfunctions\arm_cfft_radix2_init_f32.o
                0x08023fdc                arm_cfft_radix2_init_f32
 .text          0x080241c0      0x198 .objs\drivers\cmsis\dsp_lib\source\transformfunctions\arm_cfft_radix2_init_q15.o
                0x080241c0                arm_cfft_radix2_init_q15
 .text          0x08024358      0x198 .objs\drivers\cmsis\dsp_lib\source\transformfunctions\arm_cfft_radix2_init_q31.o
                0x08024358                arm_cfft_radix2_init_q31
 .text          0x080244f0      0x9e8 .objs\drivers\cmsis\dsp_lib\source\transformfunctions\arm_cfft_radix2_q15.o
                0x080244f0                arm_cfft_radix2_q15
                0x08024548                arm_radix2_butterfly_q15
                0x08024a20                arm_radix2_butterfly_inverse_q15
 .text          0x08024ed8     0x1794 .objs\drivers\cmsis\dsp_lib\source\transformfunctions\arm_cfft_radix2_q31.o
                0x08024ed8                arm_cfft_radix2_q31
                0x08024f30                arm_radix2_butterfly_q31
                0x08025ae0                arm_radix2_butterfly_inverse_q31
 .text          0x0802666c     0x1ab8 .objs\drivers\cmsis\dsp_lib\source\transformfunctions\arm_cfft_radix4_f32.o
                0x0802666c                arm_radix4_butterfly_f32
                0x0802730c                arm_radix4_butterfly_inverse_f32
                0x080280c0                arm_cfft_radix4_f32
 .text          0x08028124      0x138 .objs\drivers\cmsis\dsp_lib\source\transformfunctions\arm_cfft_radix4_init_f32.o
                0x08028124                arm_cfft_radix4_init_f32
 .text          0x0802825c      0x110 .objs\drivers\cmsis\dsp_lib\source\transformfunctions\arm_cfft_radix4_init_q15.o
                0x0802825c                arm_cfft_radix4_init_q15
 .text          0x0802836c      0x110 .objs\drivers\cmsis\dsp_lib\source\transformfunctions\arm_cfft_radix4_init_q31.o
                0x0802836c                arm_cfft_radix4_init_q31
 .text          0x0802847c     0x1e20 .objs\drivers\cmsis\dsp_lib\source\transformfunctions\arm_cfft_radix4_q15.o
                0x080284dc                arm_cfft_radix4_q15
                0x0802853c                arm_radix4_butterfly_q15
                0x080293fc                arm_radix4_butterfly_inverse_q15
 .text          0x0802a29c     0x39b0 .objs\drivers\cmsis\dsp_lib\source\transformfunctions\arm_cfft_radix4_q31.o
                0x0802a29c                arm_cfft_radix4_q31
                0x0802a2fc                arm_radix4_butterfly_q31
                0x0802bfa4                arm_radix4_butterfly_inverse_q31
 .text          0x0802dc4c     0x1344 .objs\drivers\cmsis\dsp_lib\source\transformfunctions\arm_cfft_radix8_f32.o
                0x0802dc4c                arm_radix8_butterfly_f32
 .text          0x0802ef90      0x16c .objs\drivers\cmsis\dsp_lib\source\transformfunctions\arm_dct4_f32.o
                0x0802ef90                arm_dct4_f32
 .text          0x0802f0fc      0x11c .objs\drivers\cmsis\dsp_lib\source\transformfunctions\arm_dct4_init_f32.o
                0x0802f0fc                arm_dct4_init_f32
 .text          0x0802f218      0x120 .objs\drivers\cmsis\dsp_lib\source\transformfunctions\arm_dct4_init_q15.o
                0x0802f218                arm_dct4_init_q15
 .text          0x0802f338      0x114 .objs\drivers\cmsis\dsp_lib\source\transformfunctions\arm_dct4_init_q31.o
                0x0802f338                arm_dct4_init_q31
 .text          0x0802f44c      0x198 .objs\drivers\cmsis\dsp_lib\source\transformfunctions\arm_dct4_q15.o
                0x0802f44c                arm_dct4_q15
 .text          0x0802f5e4      0x22c .objs\drivers\cmsis\dsp_lib\source\transformfunctions\arm_dct4_q31.o
                0x0802f5e4                arm_dct4_q31
 .text          0x0802f810      0x3d8 .objs\drivers\cmsis\dsp_lib\source\transformfunctions\arm_rfft_f32.o
                0x0802f810                arm_rfft_f32
                0x0802f8d8                arm_split_rfft_f32
                0x0802faa4                arm_split_rifft_f32
 .text          0x0802fbe8      0x390 .objs\drivers\cmsis\dsp_lib\source\transformfunctions\arm_rfft_fast_f32.o
                0x0802fbe8                stage_rfft_f32
                0x0802fd94                merge_rfft_f32
                0x0802ff10                arm_rfft_fast_f32
 .text          0x0802ff78      0x1c8 .objs\drivers\cmsis\dsp_lib\source\transformfunctions\arm_rfft_fast_init_f32.o
                0x0802ff78                arm_rfft_fast_init_f32
 .text          0x08030140       0xe8 .objs\drivers\cmsis\dsp_lib\source\transformfunctions\arm_rfft_init_f32.o
                0x08030140                arm_rfft_init_f32
 .text          0x08030228      0x15c .objs\drivers\cmsis\dsp_lib\source\transformfunctions\arm_rfft_init_q15.o
                0x08030228                arm_rfft_init_q15
 .text          0x08030384      0x15c .objs\drivers\cmsis\dsp_lib\source\transformfunctions\arm_rfft_init_q31.o
                0x08030384                arm_rfft_init_q31
 .text          0x080304e0      0x3c4 .objs\drivers\cmsis\dsp_lib\source\transformfunctions\arm_rfft_q15.o
                0x080304e0                arm_rfft_q15
                0x08030594                arm_split_rfft_q15
                0x0803076c                arm_split_rifft_q15
 .text          0x080308a4      0xcc0 .objs\drivers\cmsis\dsp_lib\source\transformfunctions\arm_rfft_q31.o
                0x080308a4                arm_rfft_q31
                0x08030954                arm_split_rfft_q31
                0x08030fe4                arm_split_rifft_q31
 .text          0x08031564      0x240 .objs\drivers\stm32f0xx_hal_driver\src\stm32f0xx_hal.o
                0x08031564                HAL_Init
                0x0803158c                HAL_DeInit
                0x080315d8                HAL_MspDeInit
                0x080315e4                HAL_InitTick
                0x0803161c                HAL_IncTick
                0x08031634                HAL_GetTick
                0x08031648                HAL_Delay
                0x08031684                HAL_SuspendTick
                0x080316a0                HAL_ResumeTick
                0x080316bc                HAL_GetHalVersion
                0x080316cc                HAL_GetREVID
                0x080316e0                HAL_GetDEVID
                0x080316f8                HAL_GetUIDw0
                0x0803170c                HAL_GetUIDw1
                0x08031720                HAL_GetUIDw2
                0x08031734                HAL_DBGMCU_EnableDBGStopMode
                0x08031750                HAL_DBGMCU_DisableDBGStopMode
                0x0803176c                HAL_DBGMCU_EnableDBGStandbyMode
                0x08031788                HAL_DBGMCU_DisableDBGStandbyMode
 .text          0x080317a4        0x0 .objs\drivers\stm32f0xx_hal_driver\src\stm32f0xx_hal_adc.o
 .text          0x080317a4        0x0 .objs\drivers\stm32f0xx_hal_driver\src\stm32f0xx_hal_adc_ex.o
 .text          0x080317a4        0x0 .objs\drivers\stm32f0xx_hal_driver\src\stm32f0xx_hal_can.o
 .text          0x080317a4        0x0 .objs\drivers\stm32f0xx_hal_driver\src\stm32f0xx_hal_cec.o
 .text          0x080317a4        0x0 .objs\drivers\stm32f0xx_hal_driver\src\stm32f0xx_hal_comp.o
 .text          0x080317a4      0x420 .objs\drivers\stm32f0xx_hal_driver\src\stm32f0xx_hal_cortex.o
                0x08031a54                HAL_NVIC_SetPriority
                0x08031a80                HAL_NVIC_EnableIRQ
                0x08031aa0                HAL_NVIC_DisableIRQ
                0x08031ac0                HAL_NVIC_SystemReset
                0x08031ad0                HAL_SYSTICK_Config
                0x08031aec                HAL_NVIC_GetPriority
                0x08031b10                HAL_NVIC_SetPendingIRQ
                0x08031b30                HAL_NVIC_GetPendingIRQ
                0x08031b54                HAL_NVIC_ClearPendingIRQ
                0x08031b74                HAL_SYSTICK_CLKSourceConfig
                0x08031ba8                HAL_SYSTICK_IRQHandler
 .text          0x08031bc4        0x0 .objs\drivers\stm32f0xx_hal_driver\src\stm32f0xx_hal_crc.o
 .text          0x08031bc4        0x0 .objs\drivers\stm32f0xx_hal_driver\src\stm32f0xx_hal_crc_ex.o
 .text          0x08031bc4        0x0 .objs\drivers\stm32f0xx_hal_driver\src\stm32f0xx_hal_dac.o
 .text          0x08031bc4        0x0 .objs\drivers\stm32f0xx_hal_driver\src\stm32f0xx_hal_dac_ex.o
 .text          0x08031bc4      0x7f0 .objs\drivers\stm32f0xx_hal_driver\src\stm32f0xx_hal_dma.o
                0x08031bc4                HAL_DMA_Init
                0x08031c6c                HAL_DMA_DeInit
                0x08031ce8                HAL_DMA_Start
                0x08031d7c                HAL_DMA_Start_IT
                0x08031e48                HAL_DMA_Abort
                0x08031e9c                HAL_DMA_Abort_IT
                0x08031f28                HAL_DMA_PollForTransfer
                0x0803205c                HAL_DMA_IRQHandler
                0x080321a0                HAL_DMA_RegisterCallback
                0x08032244                HAL_DMA_UnRegisterCallback
                0x080322f8                HAL_DMA_GetState
                0x08032310                HAL_DMA_GetError
 .text          0x080323b4      0x5ac .objs\drivers\stm32f0xx_hal_driver\src\stm32f0xx_hal_flash.o
                0x080323b4                HAL_FLASH_Program
                0x080324e4                HAL_FLASH_Program_IT
                0x08032584                HAL_FLASH_IRQHandler
                0x08032750                HAL_FLASH_EndOfOperationCallback
                0x08032760                HAL_FLASH_OperationErrorCallback
                0x08032770                HAL_FLASH_Unlock
                0x080327a4                HAL_FLASH_Lock
                0x080327c0                HAL_FLASH_OB_Unlock
                0x080327f4                HAL_FLASH_OB_Lock
                0x08032814                HAL_FLASH_OB_Launch
                0x08032840                HAL_FLASH_GetError
                0x0803288c                FLASH_WaitForLastOperation
 .text          0x08032960      0x8a8 .objs\drivers\stm32f0xx_hal_driver\src\stm32f0xx_hal_flash_ex.o
                0x08032960                HAL_FLASHEx_Erase
                0x08032a50                HAL_FLASHEx_Erase_IT
                0x08032ad8                HAL_FLASHEx_OBErase
                0x08032b74                HAL_FLASHEx_OBProgram
                0x08032ca0                HAL_FLASHEx_OBGetConfig
                0x08032cd8                HAL_FLASHEx_OBGetUserData
                0x080331cc                FLASH_PageErase
 .text          0x08033208      0x5cc .objs\drivers\stm32f0xx_hal_driver\src\stm32f0xx_hal_gpio.o
                0x08033208                HAL_GPIO_Init
                0x080334f0                HAL_GPIO_DeInit
                0x08033698                HAL_GPIO_ReadPin
                0x080336d4                HAL_GPIO_WritePin
                0x08033710                HAL_GPIO_TogglePin
                0x08033734                HAL_GPIO_LockPin
                0x08033788                HAL_GPIO_EXTI_IRQHandler
                0x080337c0                HAL_GPIO_EXTI_Callback
 .text          0x080337d4     0x3d38 .objs\drivers\stm32f0xx_hal_driver\src\stm32f0xx_hal_i2c.o
                0x080337d4                HAL_I2C_Init
                0x08033900                HAL_I2C_DeInit
                0x08033960                HAL_I2C_MspInit
                0x08033970                HAL_I2C_MspDeInit
                0x08033980                HAL_I2C_Master_Transmit
                0x08033ba8                HAL_I2C_Master_Receive
                0x08033dd0                HAL_I2C_Slave_Transmit
                0x08034000                HAL_I2C_Slave_Receive
                0x08034220                HAL_I2C_Master_Transmit_IT
                0x08034314                HAL_I2C_Master_Receive_IT
                0x08034408                HAL_I2C_Slave_Transmit_IT
                0x080344b0                HAL_I2C_Slave_Receive_IT
                0x08034558                HAL_I2C_Master_Transmit_DMA
                0x080346f4                HAL_I2C_Master_Receive_DMA
                0x08034890                HAL_I2C_Slave_Transmit_DMA
                0x08034998                HAL_I2C_Slave_Receive_DMA
                0x08034aa0                HAL_I2C_Mem_Write
                0x08034d20                HAL_I2C_Mem_Read
                0x08034fa0                HAL_I2C_Mem_Write_IT
                0x08035100                HAL_I2C_Mem_Read_IT
                0x08035260                HAL_I2C_Mem_Write_DMA
                0x08035420                HAL_I2C_Mem_Read_DMA
                0x080355e4                HAL_I2C_IsDeviceReady
                0x080357a8                HAL_I2C_Master_Sequential_Transmit_IT
                0x08035898                HAL_I2C_Master_Sequential_Receive_IT
                0x08035988                HAL_I2C_Slave_Sequential_Transmit_IT
                0x08035a80                HAL_I2C_Slave_Sequential_Receive_IT
                0x08035b74                HAL_I2C_EnableListen_IT
                0x08035bb4                HAL_I2C_DisableListen_IT
                0x08035c18                HAL_I2C_Master_Abort_IT
                0x08035c9c                HAL_I2C_EV_IRQHandler
                0x08035cd0                HAL_I2C_ER_IRQHandler
                0x08035d80                HAL_I2C_MasterTxCpltCallback
                0x08035d90                HAL_I2C_MasterRxCpltCallback
                0x08035da0                HAL_I2C_SlaveTxCpltCallback
                0x08035db0                HAL_I2C_SlaveRxCpltCallback
                0x08035dc0                HAL_I2C_AddrCallback
                0x08035de0                HAL_I2C_ListenCpltCallback
                0x08035df0                HAL_I2C_MemTxCpltCallback
                0x08035e00                HAL_I2C_MemRxCpltCallback
                0x08035e10                HAL_I2C_ErrorCallback
                0x08035e20                HAL_I2C_AbortCpltCallback
                0x08035e30                HAL_I2C_GetState
                0x08035e48                HAL_I2C_GetMode
                0x08035e60                HAL_I2C_GetError
 .text          0x0803750c      0x2b8 .objs\drivers\stm32f0xx_hal_driver\src\stm32f0xx_hal_i2c_ex.o
                0x0803750c                HAL_I2CEx_ConfigAnalogFilter
                0x080375a4                HAL_I2CEx_ConfigDigitalFilter
                0x08037640                HAL_I2CEx_EnableWakeUp
                0x080376c4                HAL_I2CEx_DisableWakeUp
                0x08037748                HAL_I2CEx_EnableFastModePlus
                0x08037784                HAL_I2CEx_DisableFastModePlus
 .text          0x080377c4        0x0 .objs\drivers\stm32f0xx_hal_driver\src\stm32f0xx_hal_i2s.o
 .text          0x080377c4        0x0 .objs\drivers\stm32f0xx_hal_driver\src\stm32f0xx_hal_irda.o
 .text          0x080377c4        0x0 .objs\drivers\stm32f0xx_hal_driver\src\stm32f0xx_hal_iwdg.o
 .text          0x080377c4        0x0 .objs\drivers\stm32f0xx_hal_driver\src\stm32f0xx_hal_pcd.o
 .text          0x080377c4        0x0 .objs\drivers\stm32f0xx_hal_driver\src\stm32f0xx_hal_pcd_ex.o
 .text          0x080377c4      0x1e8 .objs\drivers\stm32f0xx_hal_driver\src\stm32f0xx_hal_pwr.o
                0x080377c4                HAL_PWR_DeInit
                0x080377f0                HAL_PWR_EnableBkUpAccess
                0x0803780c                HAL_PWR_DisableBkUpAccess
                0x0803782c                HAL_PWR_EnableWakeUpPin
                0x0803784c                HAL_PWR_DisableWakeUpPin
                0x08037870                HAL_PWR_EnterSLEEPMode
                0x080378a8                HAL_PWR_EnterSTOPMode
                0x08037910                HAL_PWR_EnterSTANDBYMode
                0x0803793c                HAL_PWR_EnableSleepOnExit
                0x08037958                HAL_PWR_DisableSleepOnExit
                0x08037974                HAL_PWR_EnableSEVOnPend
                0x08037990                HAL_PWR_DisableSEVOnPend
 .text          0x080379ac      0x130 .objs\drivers\stm32f0xx_hal_driver\src\stm32f0xx_hal_pwr_ex.o
                0x080379ac                HAL_PWR_ConfigPVD
                0x08037a70                HAL_PWR_EnablePVD
                0x08037a8c                HAL_PWR_DisablePVD
                0x08037aa8                HAL_PWR_PVD_IRQHandler
                0x08037ad0                HAL_PWR_PVDCallback
 .text          0x08037adc      0xb88 .objs\drivers\stm32f0xx_hal_driver\src\stm32f0xx_hal_rcc.o
                0x08037adc                HAL_RCC_DeInit
                0x08037b4c                HAL_RCC_OscConfig
                0x08038130                HAL_RCC_ClockConfig
                0x080382fc                HAL_RCC_MCOConfig
                0x08038380                HAL_RCC_EnableCSS
                0x0803839c                HAL_RCC_DisableCSS
                0x080383bc                HAL_RCC_GetSysClockFreq
                0x08038484                HAL_RCC_GetHCLKFreq
                0x08038498                HAL_RCC_GetPCLK1Freq
                0x080384c4                HAL_RCC_GetOscConfig
                0x080385dc                HAL_RCC_GetClockConfig
                0x08038630                HAL_RCC_NMI_IRQHandler
                0x08038658                HAL_RCC_CSSCallback
 .text          0x08038664      0x39c .objs\drivers\stm32f0xx_hal_driver\src\stm32f0xx_hal_rcc_ex.o
                0x08038664                HAL_RCCEx_PeriphCLKConfig
                0x08038820                HAL_RCCEx_GetPeriphCLKConfig
                0x08038880                HAL_RCCEx_GetPeriphCLKFreq
 .text          0x08038a00        0x0 .objs\drivers\stm32f0xx_hal_driver\src\stm32f0xx_hal_rtc.o
 .text          0x08038a00        0x0 .objs\drivers\stm32f0xx_hal_driver\src\stm32f0xx_hal_rtc_ex.o
 .text          0x08038a00        0x0 .objs\drivers\stm32f0xx_hal_driver\src\stm32f0xx_hal_smartcard.o
 .text          0x08038a00        0x0 .objs\drivers\stm32f0xx_hal_driver\src\stm32f0xx_hal_smartcard_ex.o
 .text          0x08038a00        0x0 .objs\drivers\stm32f0xx_hal_driver\src\stm32f0xx_hal_smbus.o
 .text          0x08038a00     0x2c04 .objs\drivers\stm32f0xx_hal_driver\src\stm32f0xx_hal_spi.o
                0x08038a00                HAL_SPI_Init
                0x08038b30                HAL_SPI_DeInit
                0x08038ba4                HAL_SPI_Transmit
                0x08038e70                HAL_SPI_Receive
                0x080390e0                HAL_SPI_TransmitReceive
                0x08039500                HAL_SPI_Transmit_IT
                0x0803961c                HAL_SPI_Receive_IT
                0x08039790                HAL_SPI_TransmitReceive_IT
                0x08039920                HAL_SPI_Transmit_DMA
                0x08039af8                HAL_SPI_Receive_DMA
                0x08039d64                HAL_SPI_TransmitReceive_DMA
                0x0803a0a4                HAL_SPI_Abort
                0x0803a2dc                HAL_SPI_Abort_IT
                0x0803a53c                HAL_SPI_DMAPause
                0x0803a57c                HAL_SPI_DMAResume
                0x0803a5bc                HAL_SPI_DMAStop
                0x0803a60c                HAL_SPI_IRQHandler
                0x0803a7ac                HAL_SPI_TxCpltCallback
                0x0803a7bc                HAL_SPI_RxCpltCallback
                0x0803a7cc                HAL_SPI_TxRxCpltCallback
                0x0803a7dc                HAL_SPI_TxHalfCpltCallback
                0x0803a7ec                HAL_SPI_RxHalfCpltCallback
                0x0803a7fc                HAL_SPI_TxRxHalfCpltCallback
                0x0803a80c                HAL_SPI_ErrorCallback
                0x0803a81c                HAL_SPI_AbortCpltCallback
                0x0803a82c                HAL_SPI_GetState
                0x0803a844                HAL_SPI_GetError
 .text          0x0803b604       0x50 .objs\drivers\stm32f0xx_hal_driver\src\stm32f0xx_hal_spi_ex.o
                0x0803b604                HAL_SPIEx_FlushRxFifo
 .text          0x0803b654     0x3f2c .objs\drivers\stm32f0xx_hal_driver\src\stm32f0xx_hal_tim.o
                0x0803b654                HAL_TIM_Base_Init
                0x0803b6ac                HAL_TIM_Base_DeInit
                0x0803b710                HAL_TIM_Base_MspInit
                0x0803b720                HAL_TIM_Base_MspDeInit
                0x0803b730                HAL_TIM_Base_Start
                0x0803b764                HAL_TIM_Base_Stop
                0x0803b7b8                HAL_TIM_Base_Start_IT
                0x0803b7ec                HAL_TIM_Base_Stop_IT
                0x0803b840                HAL_TIM_Base_Start_DMA
                0x0803b8e0                HAL_TIM_Base_Stop_DMA
                0x0803b940                HAL_TIM_OC_Init
                0x0803b998                HAL_TIM_OC_DeInit
                0x0803b9fc                HAL_TIM_OC_MspInit
                0x0803ba0c                HAL_TIM_OC_MspDeInit
                0x0803ba1c                HAL_TIM_OC_Start
                0x0803baa4                HAL_TIM_OC_Stop
                0x0803bb64                HAL_TIM_OC_Start_IT
                0x0803bc4c                HAL_TIM_OC_Stop_IT
                0x0803bd6c                HAL_TIM_OC_Start_DMA
                0x0803bf38                HAL_TIM_OC_Stop_DMA
                0x0803c070                HAL_TIM_PWM_Init
                0x0803c0c8                HAL_TIM_PWM_DeInit
                0x0803c14c                HAL_TIM_PWM_Start
                0x0803c1d4                HAL_TIM_PWM_Stop
                0x0803c29c                HAL_TIM_PWM_Start_IT
                0x0803c384                HAL_TIM_PWM_Stop_IT
                0x0803c4a4                HAL_TIM_PWM_Start_DMA
                0x0803c670                HAL_TIM_PWM_Stop_DMA
                0x0803c7a8                HAL_TIM_IC_Init
                0x0803c800                HAL_TIM_IC_DeInit
                0x0803c864                HAL_TIM_IC_MspInit
                0x0803c874                HAL_TIM_IC_MspDeInit
                0x0803c884                HAL_TIM_IC_Start
                0x0803c8b8                HAL_TIM_IC_Stop
                0x0803c90c                HAL_TIM_IC_Start_IT
                0x0803c9a0                HAL_TIM_IC_Stop_IT
                0x0803ca54                HAL_TIM_IC_Start_DMA
                0x0803cbcc                HAL_TIM_IC_Stop_DMA
                0x0803cc98                HAL_TIM_OnePulse_Init
                0x0803cd14                HAL_TIM_OnePulse_DeInit
                0x0803cd78                HAL_TIM_OnePulse_MspInit
                0x0803cd88                HAL_TIM_OnePulse_MspDeInit
                0x0803cd98                HAL_TIM_OnePulse_Start
                0x0803ce1c                HAL_TIM_OnePulse_Stop
                0x0803ceec                HAL_TIM_OnePulse_Start_IT
                0x0803cf90                HAL_TIM_OnePulse_Stop_IT
                0x0803d080                HAL_TIM_Encoder_Init
                0x0803d1b0                HAL_TIM_Encoder_DeInit
                0x0803d214                HAL_TIM_Encoder_MspInit
                0x0803d224                HAL_TIM_Encoder_MspDeInit
                0x0803d234                HAL_TIM_Encoder_Start
                0x0803d2a4                HAL_TIM_Encoder_Stop
                0x0803d334                HAL_TIM_Encoder_Start_IT
                0x0803d3e4                HAL_TIM_Encoder_Stop_IT
                0x0803d4b8                HAL_TIM_Encoder_Start_DMA
                0x0803d67c                HAL_TIM_Encoder_Stop_DMA
                0x0803d758                HAL_TIM_IRQHandler
                0x0803d964                HAL_TIM_OC_ConfigChannel
                0x0803da00                HAL_TIM_IC_ConfigChannel
                0x0803db3c                HAL_TIM_PWM_ConfigChannel
                0x0803dcac                HAL_TIM_OnePulse_ConfigChannel
                0x0803de48                HAL_TIM_DMABurst_WriteStart
                0x0803de7c                HAL_TIM_DMABurst_MultiWriteStart
                0x0803e050                HAL_TIM_DMABurst_WriteStop
                0x0803e110                HAL_TIM_DMABurst_ReadStart
                0x0803e144                HAL_TIM_DMABurst_MultiReadStart
                0x0803e318                HAL_TIM_DMABurst_ReadStop
                0x0803e3d8                HAL_TIM_GenerateEvent
                0x0803e598                HAL_TIM_ConfigClockSource
                0x0803e758                HAL_TIM_ConfigTI1Input
                0x0803e790                HAL_TIM_SlaveConfigSynchronization
                0x0803e804                HAL_TIM_SlaveConfigSynchronization_IT
                0x0803e878                HAL_TIM_ReadCapturedValue
                0x0803e8f0                HAL_TIM_PeriodElapsedCallback
                0x0803e900                HAL_TIM_OC_DelayElapsedCallback
                0x0803e910                HAL_TIM_IC_CaptureCallback
                0x0803e920                HAL_TIM_PWM_PulseFinishedCallback
                0x0803e930                HAL_TIM_TriggerCallback
                0x0803e940                HAL_TIM_ErrorCallback
                0x0803e950                HAL_TIM_Base_GetState
                0x0803e968                HAL_TIM_OC_GetState
                0x0803e980                HAL_TIM_PWM_GetState
                0x0803e998                HAL_TIM_IC_GetState
                0x0803e9b0                HAL_TIM_OnePulse_GetState
                0x0803e9c8                HAL_TIM_Encoder_GetState
                0x0803e9e0                TIM_DMAError
                0x0803ea08                TIM_DMADelayPulseCplt
                0x0803ea7c                TIM_DMACaptureCplt
                0x0803eb40                TIM_Base_SetConfig
                0x0803ed60                TIM_OC2_SetConfig
                0x0803f180                TIM_TI1_SetConfig
                0x0803f4f8                TIM_ETR_SetConfig
                0x0803f53c                TIM_CCxChannelCmd
 .text          0x0803f580     0x1588 .objs\drivers\stm32f0xx_hal_driver\src\stm32f0xx_hal_tim_ex.o
                0x0803f580                HAL_TIMEx_HallSensor_Init
                0x0803f6c8                HAL_TIMEx_HallSensor_DeInit
                0x0803f72c                HAL_TIMEx_HallSensor_MspInit
                0x0803f73c                HAL_TIMEx_HallSensor_MspDeInit
                0x0803f74c                HAL_TIMEx_HallSensor_Start
                0x0803f77c                HAL_TIMEx_HallSensor_Stop
                0x0803f7cc                HAL_TIMEx_HallSensor_Start_IT
                0x0803f80c                HAL_TIMEx_HallSensor_Stop_IT
                0x0803f86c                HAL_TIMEx_HallSensor_Start_DMA
                0x0803f918                HAL_TIMEx_HallSensor_Stop_DMA
                0x0803f97c                HAL_TIMEx_OCN_Start
                0x0803f9c0                HAL_TIMEx_OCN_Stop
                0x0803fa40                HAL_TIMEx_OCN_Start_IT
                0x0803faf4                HAL_TIMEx_OCN_Stop_IT
                0x0803fbf8                HAL_TIMEx_OCN_Start_DMA
                0x0803fd84                HAL_TIMEx_OCN_Stop_DMA
                0x0803fe7c                HAL_TIMEx_PWMN_Start
                0x0803fec0                HAL_TIMEx_PWMN_Stop
                0x0803ff40                HAL_TIMEx_PWMN_Start_IT
                0x0803fff4                HAL_TIMEx_PWMN_Stop_IT
                0x080400f8                HAL_TIMEx_PWMN_Start_DMA
                0x08040284                HAL_TIMEx_PWMN_Stop_DMA
                0x0804037c                HAL_TIMEx_OnePulseN_Start
                0x080403b0                HAL_TIMEx_OnePulseN_Stop
                0x08040430                HAL_TIMEx_OnePulseN_Start_IT
                0x08040484                HAL_TIMEx_OnePulseN_Stop_IT
                0x08040524                HAL_TIMEx_ConfigCommutationEvent
                0x080405c0                HAL_TIMEx_ConfigCommutationEvent_IT
                0x0804066c                HAL_TIMEx_ConfigCommutationEvent_DMA
                0x08040734                HAL_TIMEx_MasterConfigSynchronization
                0x080407bc                HAL_TIMEx_ConfigBreakDeadTime
                0x08040898                HAL_TIMEx_RemapConfig
                0x080408dc                HAL_TIM_ConfigOCrefClear
                0x08040a64                HAL_TIMEx_CommutationCallback
                0x08040a74                HAL_TIMEx_BreakCallback
                0x08040a84                TIMEx_DMACommutationCplt
                0x08040aac                HAL_TIMEx_HallSensor_GetState
 .text          0x08040b08        0x0 .objs\drivers\stm32f0xx_hal_driver\src\stm32f0xx_hal_tsc.o
 .text          0x08040b08     0x1f24 .objs\drivers\stm32f0xx_hal_driver\src\stm32f0xx_hal_uart.o
                0x08040b08                HAL_UART_Init
                0x08040bb8                HAL_HalfDuplex_Init
                0x08040c78                HAL_MultiProcessor_Init
                0x08040d6c                HAL_UART_DeInit
                0x08040e00                HAL_UART_Transmit
                0x08040f48                HAL_UART_Receive
                0x080410e4                HAL_UART_Transmit_IT
                0x08041194                HAL_UART_Receive_IT
                0x080412a8                HAL_UART_Transmit_DMA
                0x080413a8                HAL_UART_Receive_DMA
                0x080414b8                HAL_UART_DMAPause
                0x0804155c                HAL_UART_DMAResume
                0x080415f0                HAL_UART_DMAStop
                0x08041688                HAL_UART_Abort
                0x08041758                HAL_UART_AbortTransmit
                0x080417c0                HAL_UART_AbortReceive
                0x08041844                HAL_UART_Abort_IT
                0x08041994                HAL_UART_AbortTransmit_IT
                0x08041a38                HAL_UART_AbortReceive_IT
                0x08041b00                HAL_UART_IRQHandler
                0x08041d2c                HAL_UART_TxCpltCallback
                0x08041d3c                HAL_UART_TxHalfCpltCallback
                0x08041d4c                HAL_UART_RxCpltCallback
                0x08041d5c                HAL_UART_RxHalfCpltCallback
                0x08041d6c                HAL_UART_ErrorCallback
                0x08041d7c                HAL_UART_AbortCpltCallback
                0x08041d8c                HAL_UART_AbortTransmitCpltCallback
                0x08041d9c                HAL_UART_AbortReceiveCpltCallback
                0x08041dac                HAL_MultiProcessor_EnableMuteMode
                0x08041e00                HAL_MultiProcessor_DisableMuteMode
                0x08041e54                HAL_MultiProcessor_EnterMuteMode
                0x08041e74                HAL_HalfDuplex_EnableTransmitter
                0x08041ed4                HAL_HalfDuplex_EnableReceiver
                0x08041f34                HAL_UART_GetState
                0x08041f6c                HAL_UART_GetError
                0x08041f80                UART_SetConfig
                0x08042278                UART_AdvFeatureConfig
                0x080423d0                UART_CheckIdleState
                0x08042470                UART_WaitOnFlagUntilTimeout
                0x08042854                UART_Transmit_IT
                0x08042904                UART_EndTransmit_IT
                0x08042938                UART_Receive_IT
 .text          0x08042a2c      0x458 .objs\drivers\stm32f0xx_hal_driver\src\stm32f0xx_hal_uart_ex.o
                0x08042a2c                HAL_RS485Ex_Init
                0x08042b14                HAL_LIN_Init
                0x08042c08                HAL_UARTEx_WakeupCallback
                0x08042c18                HAL_UARTEx_StopModeWakeUpSourceConfig
                0x08042cec                HAL_UARTEx_EnableStopMode
                0x08042d3c                HAL_UARTEx_DisableStopMode
                0x08042d8c                HAL_MultiProcessorEx_AddressLength_Set
                0x08042df0                HAL_LIN_SendBreak
 .text          0x08042e84        0x0 .objs\drivers\stm32f0xx_hal_driver\src\stm32f0xx_hal_usart.o
 .text          0x08042e84        0x0 .objs\drivers\stm32f0xx_hal_driver\src\stm32f0xx_hal_wwdg.o
 .text          0x08042e84        0x0 .objs\drivers\stm32f0xx_hal_driver\src\stm32f0xx_ll_adc.o
 .text          0x08042e84        0x0 .objs\drivers\stm32f0xx_hal_driver\src\stm32f0xx_ll_comp.o
 .text          0x08042e84        0x0 .objs\drivers\stm32f0xx_hal_driver\src\stm32f0xx_ll_crc.o
 .text          0x08042e84        0x0 .objs\drivers\stm32f0xx_hal_driver\src\stm32f0xx_ll_crs.o
 .text          0x08042e84        0x0 .objs\drivers\stm32f0xx_hal_driver\src\stm32f0xx_ll_dac.o
 .text          0x08042e84        0x0 .objs\drivers\stm32f0xx_hal_driver\src\stm32f0xx_ll_dma.o
 .text          0x08042e84        0x0 .objs\drivers\stm32f0xx_hal_driver\src\stm32f0xx_ll_exti.o
 .text          0x08042e84        0x0 .objs\drivers\stm32f0xx_hal_driver\src\stm32f0xx_ll_gpio.o
 .text          0x08042e84        0x0 .objs\drivers\stm32f0xx_hal_driver\src\stm32f0xx_ll_i2c.o
 .text          0x08042e84        0x0 .objs\drivers\stm32f0xx_hal_driver\src\stm32f0xx_ll_pwr.o
 .text          0x08042e84        0x0 .objs\drivers\stm32f0xx_hal_driver\src\stm32f0xx_ll_rcc.o
 .text          0x08042e84        0x0 .objs\drivers\stm32f0xx_hal_driver\src\stm32f0xx_ll_rtc.o
 .text          0x08042e84        0x0 .objs\drivers\stm32f0xx_hal_driver\src\stm32f0xx_ll_spi.o
 .text          0x08042e84        0x0 .objs\drivers\stm32f0xx_hal_driver\src\stm32f0xx_ll_tim.o
 .text          0x08042e84        0x0 .objs\drivers\stm32f0xx_hal_driver\src\stm32f0xx_ll_usart.o
 .text          0x08042e84      0x59c .objs\drivers\stm32f0xx_hal_driver\src\stm32f0xx_ll_utils.o
                0x080430d8                LL_Init1msTick
                0x080430f8                LL_mDelay
                0x0804313c                LL_SetSystemCoreClock
                0x08043158                LL_PLL_ConfigSystemClock_HSI
                0x080431e4                LL_PLL_ConfigSystemClock_HSE
 .text          0x08043420      0x1b0 .objs\middlewares\third_party\fatfs\src\diskio.o
                0x08043420                disk_status
                0x08043464                disk_initialize
                0x080434c8                disk_read
                0x0804351c                disk_write
                0x08043570                disk_ioctl
 .text          0x080435d0     0x68e0 .objs\middlewares\third_party\fatfs\src\ff.o
                0x08043d08                clust2sect
                0x08043d50                get_fat
                0x08043ed0                put_fat
                0x08046458                f_mount
                0x080464fc                f_open
                0x08046ae8                f_read
                0x08046e24                f_write
                0x08047200                f_sync
                0x080473a8                f_close
                0x0804741c                f_lseek
                0x08047978                f_opendir
                0x08047ae0                f_closedir
                0x08047b48                f_readdir
                0x08047c20                f_stat
                0x08047cf0                f_getfree
                0x08047ebc                f_truncate
                0x080480b0                f_unlink
                0x08048320                f_mkdir
                0x080487f0                f_chmod
                0x08048990                f_rename
                0x08048d10                f_utime
                0x08048e64                f_mkfs
                0x080497ec                f_gets
                0x08049900                f_putc
                0x0804998c                f_puts
                0x08049a24                f_printf
 .text          0x08049eb0      0x190 .objs\middlewares\third_party\fatfs\src\ff_gen_drv.o
                0x08049eb0                FATFS_LinkDriverEx
                0x08049f60                FATFS_LinkDriver
                0x08049f80                FATFS_UnLinkDriverEx
                0x0804a010                FATFS_UnLinkDriver
                0x0804a02c                FATFS_GetAttachedDriversNbr
 .text          0x0804a040        0x0 .objs\middlewares\third_party\fatfs\src\option\syscall.o
 .text          0x0804a040      0x10c .objs\middlewares\third_party\fatfs\src\option\unicode.o
                0x0804a040                ff_convert
                0x0804a0ec                ff_wtoupper
 .text          0x0804a14c       0x38 .objs\src\fatfs.o
                0x0804a14c                MX_FATFS_Init
                0x0804a178                get_fattime
 .text          0x0804a184       0xb8 .objs\src\hwlib.o
                0x0804a184                spi_tx
                0x0804a1e0                spi_rx
 .text          0x0804a23c      0x718 .objs\src\main.o
                0x0804a23c                main
                0x0804a324                SystemClock_Config
                0x0804a8a0                LCD_BusAsInput
                0x0804a8dc                LCD_BusAsOutput
                0x0804a930                HAL_SYSTICK_Callback
                0x0804a948                _Error_Handler
 .text          0x0804a954      0x510 .objs\src\microsd.o
                0x0804a954                SD_init
                0x0804abc0                SD_ReadSector
                0x0804ac88                SD_WriteSector
 .text          0x0804ae64      0x2b0 .objs\src\stm32f0xx_hal_msp.o
                0x0804ae64                HAL_MspInit
                0x0804aed4                HAL_SPI_MspInit
                0x0804af4c                HAL_SPI_MspDeInit
                0x0804af8c                HAL_TIM_PWM_MspInit
                0x0804afcc                HAL_TIM_MspPostInit
                0x0804b024                HAL_TIM_PWM_MspDeInit
                0x0804b058                HAL_UART_MspInit
                0x0804b0d0                HAL_UART_MspDeInit
 .text          0x0804b114       0x40 .objs\src\stm32f0xx_it.o
                0x0804b114                NMI_Handler
                0x0804b120                HardFault_Handler
                0x0804b128                SVC_Handler
                0x0804b134                PendSV_Handler
                0x0804b140                SysTick_Handler
 .text          0x0804b154      0x160 .objs\src\system_stm32f0xx.o
                0x0804b154                SystemInit
                0x0804b1dc                SystemCoreClockUpdate
 .text          0x0804b2b4        0x0 .objs\src\tulips.o
 .text          0x0804b2b4       0xb4 .objs\src\user_diskio.o
                0x0804b2b4                USER_initialize
                0x0804b2d8                USER_status
                0x0804b2fc                USER_read
                0x0804b31c                USER_write
                0x0804b33c                USER_ioctl
 .text          0x0804b368     0x1314 .objs\src\winbond_spi_flash.o
                0x0804b368                W25Qx_Init
                0x0804b574                W25Qx_ReadSFDPRegister
                0x0804b61c                W25Qx_ReadSecurityRegister
                0x0804b6bc                W25Qx_ReadSecurityRegisterBank
                0x0804b784                W25Qx_ReadSecurityRegisters
                0x0804b7a0                W25Qx_ReadByte
                0x0804b7cc                W25Qx_ReadWord
                0x0804b814                W25Qx_ReadDWord
                0x0804b860                W25Qx_ReadPage
                0x0804b888                W25Qx_ReadData
                0x0804b914                W25Qx_WriteByte
                0x0804b938                W25Qx_WriteWord
                0x0804b978                W25Qx_WriteDWord
                0x0804b9c8                W25Qx_WritePage
                0x0804ba60                W25Qx_WriteData
                0x0804bfbc                W25Qx_GetStatusWEL_Flag
                0x0804bfdc                W25Qx_GetStatusBUSY_Flag
                0x0804bffc                W25Qx_ResetDevice
                0x0804c058                W25Qx_DisableReset
                0x0804c0e4                W25Qx_EnableReset
                0x0804c170                W25Qx_WriteDisable
                0x0804c1c8                W25Qx_WriteEnable
                0x0804c220                W25Qx_ChipErase
                0x0804c284                W25Qx_SectorErase
                0x0804c314                W25Qx_Block32kErase
                0x0804c3a4                W25Qx_Block64kErase
                0x0804c428                W25Qx_BlockLock
                0x0804c4ac                W25Qx_BlockUnLock
                0x0804c530                W25Qx_ReadBlockLock
                0x0804c5c4                W25Qx_AllBlocksLock
                0x0804c620                W25Qx_AllBlocksUnLock
 .text          0x0804c67c      0x3e0 .objs\src\xpt_touch.o
                0x0804c67c                XPT_Init
                0x0804c6b4                XPT_Process
                0x0804c8dc                SoftSpiSend
                0x0804c928                SoftSpiReceive
 .text          0x0804ca5c       0xa0 .objs\startup\startup_stm32f0xx.o
                0x0804ca5c                Reset_Handler
                0x0804cab0                Default_Handler
                0x0804cab2                WWDG_IRQHandler
                0x0804cab4                PVD_IRQHandler
                0x0804cab6                RTC_IRQHandler
                0x0804cab8                FLASH_IRQHandler
                0x0804caba                RCC_IRQHandler
                0x0804cabc                EXTI0_1_IRQHandler
                0x0804cabe                EXTI2_3_IRQHandler
                0x0804cac0                EXTI4_15_IRQHandler
                0x0804cac2                TS_IRQHandler
                0x0804cac4                DMA1_Channel1_IRQHandler
                0x0804cac6                DMA1_Channel2_3_IRQHandler
                0x0804cac8                DMA1_Channel4_5_IRQHandler
                0x0804caca                ADC1_COMP_IRQHandler
                0x0804cacc                TIM1_BRK_UP_TRG_COM_IRQHandler
                0x0804cace                TIM1_CC_IRQHandler
                0x0804cad0                TIM2_IRQHandler
                0x0804cad2                TIM3_IRQHandler
                0x0804cad4                TIM6_DAC_IRQHandler
                0x0804cad6                TIM7_IRQHandler
                0x0804cad8                TIM14_IRQHandler
                0x0804cada                TIM15_IRQHandler
                0x0804cadc                TIM16_IRQHandler
                0x0804cade                TIM17_IRQHandler
                0x0804cae0                I2C1_IRQHandler
                0x0804cae2                I2C2_IRQHandler
                0x0804cae4                SPI1_IRQHandler
                0x0804cae6                SPI2_IRQHandler
                0x0804cae8                USART1_IRQHandler
                0x0804caea                USART2_IRQHandler
                0x0804caec                USART3_4_IRQHandler
                0x0804caee                CEC_IRQHandler
                0x0804caf0                USB_IRQHandler
                0x0804caf2                BootRAM
 .text          0x0804cafc        0x0 c:/program files (x86)/embitz/1.11/share/em_armgcc/bin/../lib/gcc/arm-none-eabi/5.4.1/../../../../arm-none-eabi/lib/armv6-m\libm.a(lib_a-wf_sqrt.o)
 .text.sqrtf    0x0804cafc       0xa4 c:/program files (x86)/embitz/1.11/share/em_armgcc/bin/../lib/gcc/arm-none-eabi/5.4.1/../../../../arm-none-eabi/lib/armv6-m\libm.a(lib_a-wf_sqrt.o)
                0x0804cafc                sqrtf
 .text          0x0804cba0        0x0 c:/program files (x86)/embitz/1.11/share/em_armgcc/bin/../lib/gcc/arm-none-eabi/5.4.1/../../../../arm-none-eabi/lib/armv6-m\libm.a(lib_a-ef_sqrt.o)
 .text.__ieee754_sqrtf
                0x0804cba0       0xb8 c:/program files (x86)/embitz/1.11/share/em_armgcc/bin/../lib/gcc/arm-none-eabi/5.4.1/../../../../arm-none-eabi/lib/armv6-m\libm.a(lib_a-ef_sqrt.o)
                0x0804cba0                __ieee754_sqrtf
 .text          0x0804cc58        0x0 c:/program files (x86)/embitz/1.11/share/em_armgcc/bin/../lib/gcc/arm-none-eabi/5.4.1/../../../../arm-none-eabi/lib/armv6-m\libm.a(lib_a-s_lib_ver.o)
 .text          0x0804cc58        0x0 c:/program files (x86)/embitz/1.11/share/em_armgcc/bin/../lib/gcc/arm-none-eabi/5.4.1/../../../../arm-none-eabi/lib/armv6-m\libm.a(lib_a-s_matherr.o)
 .text.matherr  0x0804cc58        0x4 c:/program files (x86)/embitz/1.11/share/em_armgcc/bin/../lib/gcc/arm-none-eabi/5.4.1/../../../../arm-none-eabi/lib/armv6-m\libm.a(lib_a-s_matherr.o)
                0x0804cc58                matherr
 .text          0x0804cc5c      0x114 c:/program files (x86)/embitz/1.11/share/em_armgcc/bin/../lib/gcc/arm-none-eabi/5.4.1/armv6-m\libgcc.a(_udivsi3.o)
                0x0804cc5c                __aeabi_uidiv
                0x0804cc5c                __udivsi3
                0x0804cd68                __aeabi_uidivmod
 .text          0x0804cd70      0x1d4 c:/program files (x86)/embitz/1.11/share/em_armgcc/bin/../lib/gcc/arm-none-eabi/5.4.1/armv6-m\libgcc.a(_divsi3.o)
                0x0804cd70                __divsi3
                0x0804cd70                __aeabi_idiv
                0x0804cf3c                __aeabi_idivmod
 .text          0x0804cf44        0x4 c:/program files (x86)/embitz/1.11/share/em_armgcc/bin/../lib/gcc/arm-none-eabi/5.4.1/armv6-m\libgcc.a(_dvmd_tls.o)
                0x0804cf44                __aeabi_idiv0
                0x0804cf44                __aeabi_ldiv0
 .text          0x0804cf48       0x7c c:/program files (x86)/embitz/1.11/share/em_armgcc/bin/../lib/gcc/arm-none-eabi/5.4.1/armv6-m\libgcc.a(_arm_cmpdf2.o)
                0x0804cf48                __aeabi_cdrcmple
                0x0804cf58                __aeabi_cdcmple
                0x0804cf58                __aeabi_cdcmpeq
                0x0804cf68                __aeabi_dcmpeq
                0x0804cf74                __aeabi_dcmplt
                0x0804cf88                __aeabi_dcmple
                0x0804cf9c                __aeabi_dcmpgt
                0x0804cfb0                __aeabi_dcmpge
 .text          0x0804cfc4       0x74 c:/program files (x86)/embitz/1.11/share/em_armgcc/bin/../lib/gcc/arm-none-eabi/5.4.1/armv6-m\libgcc.a(_arm_cmpsf2.o)
                0x0804cfc4                __aeabi_cfrcmple
                0x0804cfcc                __aeabi_cfcmpeq
                0x0804cfcc                __aeabi_cfcmple
                0x0804cfdc                __aeabi_fcmpeq
                0x0804cfe8                __aeabi_fcmplt
                0x0804cffc                __aeabi_fcmple
                0x0804d010                __aeabi_fcmpgt
                0x0804d024                __aeabi_fcmpge
 .text          0x0804d038       0x3c c:/program files (x86)/embitz/1.11/share/em_armgcc/bin/../lib/gcc/arm-none-eabi/5.4.1/armv6-m\libgcc.a(_clzsi2.o)
                0x0804d038                __clzsi2
 .text          0x0804d074       0x48 c:/program files (x86)/embitz/1.11/share/em_armgcc/bin/../lib/gcc/arm-none-eabi/5.4.1/armv6-m\libgcc.a(_aeabi_ldivmod.o)
                0x0804d074                __aeabi_ldivmod
 .text          0x0804d0bc       0x58 c:/program files (x86)/embitz/1.11/share/em_armgcc/bin/../lib/gcc/arm-none-eabi/5.4.1/armv6-m\libgcc.a(_muldi3.o)
                0x0804d0bc                __muldi3
                0x0804d0bc                __aeabi_lmul
 .text          0x0804d114       0x30 c:/program files (x86)/embitz/1.11/share/em_armgcc/bin/../lib/gcc/arm-none-eabi/5.4.1/armv6-m\libgcc.a(_fixunssfsi.o)
                0x0804d114                __fixunssfsi
                0x0804d114                __aeabi_f2uiz
 .text          0x0804d144       0x2c c:/program files (x86)/embitz/1.11/share/em_armgcc/bin/../lib/gcc/arm-none-eabi/5.4.1/armv6-m\libgcc.a(_fixsfdi.o)
                0x0804d144                __fixsfdi
                0x0804d144                __aeabi_f2lz